Archive member included to satisfy reference by file (symbol)

/project/stm32fx_lib/stm32f1x_iolib/stm32f1x_iolib_hd_st32_8MHz.a(startup.o)
                              (Reset_Handler)
/project/stm32fx_lib/stm32f1x_iolib/stm32f1x_iolib_hd_st32_8MHz.a(system.o)
                              /project/stm32fx_lib/stm32f1x_iolib/stm32f1x_iolib_hd_st32_8MHz.a(startup.o) (SystemInit)
/project/stm32fx_lib/stm32f1x_iolib/stm32f1x_iolib_hd_st32_8MHz.a(irq.o)
                              FLASH_RUN/main.o (NVIC_PriorityGroupConfig)
/project/stm32fx_lib/stm32f1x_iolib/stm32f1x_iolib_hd_st32_8MHz.a(rcc.o)
                              FLASH_RUN/main.o (RCC_ADCCLKConfig)
/project/stm32fx_lib/stm32f1x_iolib/stm32f1x_iolib_hd_st32_8MHz.a(adc.o)
                              FLASH_RUN/main.o (ADC_DeInit)
/project/stm32fx_lib/stm32f1x_iolib/stm32f1x_iolib_hd_st32_8MHz.a(bkp.o)
                              FLASH_RUN/time.o (BKP_DeInit)
/project/stm32fx_lib/stm32f1x_iolib/stm32f1x_iolib_hd_st32_8MHz.a(exti.o)
                              FLASH_RUN/ads7843.o (EXTI_Init)
/project/stm32fx_lib/stm32f1x_iolib/stm32f1x_iolib_hd_st32_8MHz.a(flash.o)
                              FLASH_RUN/main.o (FLASH_Unlock)
/project/stm32fx_lib/stm32f1x_iolib/stm32f1x_iolib_hd_st32_8MHz.a(gpio.o)
                              FLASH_RUN/main.o (GPIO_Init_Pin)
/project/stm32fx_lib/stm32f1x_iolib/stm32f1x_iolib_hd_st32_8MHz.a(iwdg.o)
                              FLASH_RUN/time.o (IWDG_ReloadCounter)
/project/stm32fx_lib/stm32f1x_iolib/stm32f1x_iolib_hd_st32_8MHz.a(pwr.o)
                              FLASH_RUN/time.o (PWR_BackupAccessCmd)
/project/stm32fx_lib/stm32f1x_iolib/stm32f1x_iolib_hd_st32_8MHz.a(rtc.o)
                              FLASH_RUN/time.o (RTC_ITConfig)
/project/stm32fx_lib/stm32f1x_iolib/stm32f1x_iolib_hd_st32_8MHz.a(spi.o)
                              FLASH_RUN/sd_driver.o (SPI_Init)
/project/stm32fx_lib/stm32f1x_iolib/stm32f1x_iolib_hd_st32_8MHz.a(timer.o)
                              FLASH_RUN/main.o (TIM_TimeBaseInit)
/project/stm32fx_lib/stm32f1x_iolib/stm32f1x_iolib_hd_st32_8MHz.a(usart.o)
                              FLASH_RUN/serial.o (USART_Init)
c:/program files (x86)/gnu tools arm embedded/9 2019-q4-major/bin/../lib/gcc/arm-none-eabi/9.2.1/../../../../arm-none-eabi/lib/thumb/v7-m/nofp\libc.a(lib_a-abort.o)
                              FLASH_RUN/core.o (abort)
c:/program files (x86)/gnu tools arm embedded/9 2019-q4-major/bin/../lib/gcc/arm-none-eabi/9.2.1/../../../../arm-none-eabi/lib/thumb/v7-m/nofp\libc.a(lib_a-errno.o)
                              FLASH_RUN/core.o (__errno)
c:/program files (x86)/gnu tools arm embedded/9 2019-q4-major/bin/../lib/gcc/arm-none-eabi/9.2.1/../../../../arm-none-eabi/lib/thumb/v7-m/nofp\libc.a(lib_a-impure.o)
                              c:/program files (x86)/gnu tools arm embedded/9 2019-q4-major/bin/../lib/gcc/arm-none-eabi/9.2.1/../../../../arm-none-eabi/lib/thumb/v7-m/nofp\libc.a(lib_a-errno.o) (_impure_ptr)
c:/program files (x86)/gnu tools arm embedded/9 2019-q4-major/bin/../lib/gcc/arm-none-eabi/9.2.1/../../../../arm-none-eabi/lib/thumb/v7-m/nofp\libc.a(lib_a-malloc.o)
                              FLASH_RUN/mp3.o (malloc)
c:/program files (x86)/gnu tools arm embedded/9 2019-q4-major/bin/../lib/gcc/arm-none-eabi/9.2.1/../../../../arm-none-eabi/lib/thumb/v7-m/nofp\libc.a(lib_a-mallocr.o)
                              c:/program files (x86)/gnu tools arm embedded/9 2019-q4-major/bin/../lib/gcc/arm-none-eabi/9.2.1/../../../../arm-none-eabi/lib/thumb/v7-m/nofp\libc.a(lib_a-malloc.o) (_malloc_r)
c:/program files (x86)/gnu tools arm embedded/9 2019-q4-major/bin/../lib/gcc/arm-none-eabi/9.2.1/../../../../arm-none-eabi/lib/thumb/v7-m/nofp\libc.a(lib_a-memcpy.o)
                              FLASH_RUN/serial.o (memcpy)
c:/program files (x86)/gnu tools arm embedded/9 2019-q4-major/bin/../lib/gcc/arm-none-eabi/9.2.1/../../../../arm-none-eabi/lib/thumb/v7-m/nofp\libc.a(lib_a-memset.o)
                              FLASH_RUN/serial.o (memset)
c:/program files (x86)/gnu tools arm embedded/9 2019-q4-major/bin/../lib/gcc/arm-none-eabi/9.2.1/../../../../arm-none-eabi/lib/thumb/v7-m/nofp\libc.a(lib_a-mlock.o)
                              c:/program files (x86)/gnu tools arm embedded/9 2019-q4-major/bin/../lib/gcc/arm-none-eabi/9.2.1/../../../../arm-none-eabi/lib/thumb/v7-m/nofp\libc.a(lib_a-mallocr.o) (__malloc_lock)
c:/program files (x86)/gnu tools arm embedded/9 2019-q4-major/bin/../lib/gcc/arm-none-eabi/9.2.1/../../../../arm-none-eabi/lib/thumb/v7-m/nofp\libc.a(lib_a-sbrkr.o)
                              c:/program files (x86)/gnu tools arm embedded/9 2019-q4-major/bin/../lib/gcc/arm-none-eabi/9.2.1/../../../../arm-none-eabi/lib/thumb/v7-m/nofp\libc.a(lib_a-mallocr.o) (_sbrk_r)
c:/program files (x86)/gnu tools arm embedded/9 2019-q4-major/bin/../lib/gcc/arm-none-eabi/9.2.1/../../../../arm-none-eabi/lib/thumb/v7-m/nofp\libc.a(lib_a-signal.o)
[...]
Memory Configuration

Name             Origin             Length             Attributes
RAM              0x20000000         0x00010000         xrw
EXTSRAM          0x68000000         0x00000000         xrw
FLASH            0x08002000         0x0007e000         xr
FLASHB1          0x00000000         0x00000000         xr
EXTMEMB0         0x00000000         0x00000000         xr
EXTMEMB1         0x00000000         0x00000000         xr
EXTMEMB2         0x00000000         0x00000000         xr
EXTMEMB3         0x00000000         0x00000000         xr
*default*        0x00000000         0xffffffff

Linker script and memory map

LOAD FLASH_RUN/main.o
LOAD FLASH_RUN/serial.o
LOAD FLASH_RUN/lcd.o
LOAD FLASH_RUN/ads7843.o
LOAD FLASH_RUN/diskio.o
LOAD FLASH_RUN/ff.o
LOAD FLASH_RUN/ccsbcs.o
LOAD FLASH_RUN/sd_driver.o
LOAD FLASH_RUN/vs1003.o
LOAD FLASH_RUN/mp3.o
LOAD FLASH_RUN/core.o
LOAD FLASH_RUN/time.o
LOAD /project/stm32fx_lib/stm32f1x_iolib/stm32f1x_iolib_hd_st32_8MHz.a
LOAD c:/program files (x86)/gnu tools arm embedded/9 2019-q4-major/bin/../lib/gcc/arm-none-eabi/9.2.1/../../../../arm-none-eabi/lib/thumb/v7-m/nofp\libc.a
LOAD c:/program files (x86)/gnu tools arm embedded/9 2019-q4-major/bin/../lib/gcc/arm-none-eabi/9.2.1/../../../../arm-none-eabi/lib/thumb/v7-m/nofp\libm.a
LOAD c:/program files (x86)/gnu tools arm embedded/9 2019-q4-major/bin/../lib/gcc/arm-none-eabi/9.2.1/../../../../arm-none-eabi/lib/thumb/v7-m/nofp\libc.a
LOAD c:/program files (x86)/gnu tools arm embedded/9 2019-q4-major/bin/../lib/gcc/arm-none-eabi/9.2.1/thumb/v7-m/nofp\libgcc.a
LOAD c:/program files (x86)/gnu tools arm embedded/9 2019-q4-major/bin/../lib/gcc/arm-none-eabi/9.2.1/../../../../arm-none-eabi/lib/thumb/v7-m/nofp\libstdc++.a
START GROUP
LOAD c:/program files (x86)/gnu tools arm embedded/9 2019-q4-major/bin/../lib/gcc/arm-none-eabi/9.2.1/thumb/v7-m/nofp\libgcc.a
LOAD c:/program files (x86)/gnu tools arm embedded/9 2019-q4-major/bin/../lib/gcc/arm-none-eabi/9.2.1/../../../../arm-none-eabi/lib/thumb/v7-m/nofp\libg.a
LOAD c:/program files (x86)/gnu tools arm embedded/9 2019-q4-major/bin/../lib/gcc/arm-none-eabi/9.2.1/../../../../arm-none-eabi/lib/thumb/v7-m/nofp\libc.a
END GROUP
                0x20010000                _estack = (ORIGIN (RAM) + LENGTH (RAM))
                0x00000200                _Minimum_Stack_Size = 0x200
                0x00000001                ASSERT ((ORIGIN (FLASH) == ALIGN (ORIGIN (FLASH), 0x80)), Start of memory region flash not aligned for startup vector table)

.text           0x08002000     0xb060
                0x08002000                . = ALIGN (0x80)
                0x00002000                _isr_vectorsflash_offs = (. - 0x8000000)
 *(.isr_vectorsflash)
 .isr_vectorsflash
                0x08002000      0x1e4 /project/stm32fx_lib/stm32f1x_iolib/stm32f1x_iolib_hd_st32_8MHz.a(startup.o)
                0x08002000                g_pfnVectors
                0x080021e4                . = ALIGN (0x4)
 CREATE_OBJECT_SYMBOLS
 *(.text .text.* .gnu.linkonce.t.*)
 .text.wait_ms  0x080021e4       0x14 FLASH_RUN/main.o
                0x080021e4                wait_ms
 .text.led_control
                0x080021f8       0x14 FLASH_RUN/main.o
                0x080021f8                led_control
 .text.Periph_Configuration
                0x0800220c       0x3e FLASH_RUN/main.o
                0x0800220c                Periph_Configuration
 *fill*         0x0800224a        0x2 
 .text.GPIO_Configuration
                0x0800224c       0xe0 FLASH_RUN/main.o
                0x0800224c                GPIO_Configuration
 .text.NVIC_Configuration
                0x0800232c       0x10 FLASH_RUN/main.o
                0x0800232c                NVIC_Configuration
 .text.TIM4_IRQHandler
                0x0800233c       0xac FLASH_RUN/main.o
                0x0800233c                TIM4_IRQHandler
 .text.adc_init
                0x080023e8       0x88 FLASH_RUN/main.o
                0x080023e8                adc_init
 .text.main_display
                0x08002470       0x94 FLASH_RUN/main.o
                0x08002470                main_display
 .text.go_back  0x08002504       0x40 FLASH_RUN/main.o
                0x08002504                go_back
 .text.touch_read
                0x08002544      0x224 FLASH_RUN/main.o
                0x08002544                touch_read
 .text.startup.main
                0x08002768      0x210 FLASH_RUN/main.o
                0x08002768                main
 .text.NVIC_SystemReset
                0x08002978       0x1c FLASH_RUN/serial.o
 .text.flash_read
                0x08002994       0x2c FLASH_RUN/serial.o
                0x08002994                flash_read
 .text.USART1_IRQHandler
                0x080029c0       0xf0 FLASH_RUN/serial.o
                0x080029c0                USART1_IRQHandler
 .text.USART2_IRQHandler
                0x08002ab0       0xf0 FLASH_RUN/serial.o
                0x08002ab0                USART2_IRQHandler
 .text.uasrt_send
                0x08002ba0       0xc0 FLASH_RUN/serial.o
                0x08002ba0                uasrt_send
 .text.s_printf
                0x08002c60       0x34 FLASH_RUN/serial.o
                0x08002c60                s_printf
 .text.receive_serial1
                0x08002c94       0x80 FLASH_RUN/serial.o
                0x08002c94                receive_serial1
 .text.receive_serial2
                0x08002d14       0x80 FLASH_RUN/serial.o
                0x08002d14                receive_serial2
 .text.serial_init
                0x08002d94      0x164 FLASH_RUN/serial.o
                0x08002d94                serial_init
 .text.lcd_data_port_input
                0x08002ef8       0x18 FLASH_RUN/lcd.o
                0x08002ef8                lcd_data_port_input
 .text.lcd_data_port_output
                0x08002f10       0x18 FLASH_RUN/lcd.o
                0x08002f10                lcd_data_port_output
 .text.lcd_cs_hi
                0x08002f28       0x10 FLASH_RUN/lcd.o
                0x08002f28                lcd_cs_hi
 .text.lcd_cs_lo
                0x08002f38       0x10 FLASH_RUN/lcd.o
                0x08002f38                lcd_cs_lo
 .text.lcd_rs_hi
                0x08002f48       0x10 FLASH_RUN/lcd.o
                0x08002f48                lcd_rs_hi
 .text.lcd_rs_lo
                0x08002f58       0x10 FLASH_RUN/lcd.o
                0x08002f58                lcd_rs_lo
 .text.lcd_wr_hi
                0x08002f68       0x10 FLASH_RUN/lcd.o
                0x08002f68                lcd_wr_hi
 .text.lcd_wr_lo
                0x08002f78       0x10 FLASH_RUN/lcd.o
                0x08002f78                lcd_wr_lo
 .text.lcd_rd_hi
                0x08002f88       0x10 FLASH_RUN/lcd.o
                0x08002f88                lcd_rd_hi
 .text.lcd_rd_lo
                0x08002f98       0x10 FLASH_RUN/lcd.o
                0x08002f98                lcd_rd_lo
 .text.lcd_wr_data
                0x08002fa8       0x24 FLASH_RUN/lcd.o
                0x08002fa8                lcd_wr_data
 .text.lcd_wr_register
                0x08002fcc       0x24 FLASH_RUN/lcd.o
                0x08002fcc                lcd_wr_register
 .text.lcd_write_register
                0x08002ff0       0x12 FLASH_RUN/lcd.o
                0x08002ff0                lcd_write_register
 *fill*         0x08003002        0x2 
 .text.lcd_read_register
                0x08003004       0x30 FLASH_RUN/lcd.o
                0x08003004                lcd_read_register
 .text.lcd_write_ram_prepare
                0x08003034        0x6 FLASH_RUN/lcd.o
                0x08003034                lcd_write_ram_prepare
 *fill*         0x0800303a        0x2 
 .text.lcd_set_pixel
                0x0800303c       0x1c FLASH_RUN/lcd.o
                0x0800303c                lcd_set_pixel
 .text.lcd_clear
                0x08003058       0x20 FLASH_RUN/lcd.o
                0x08003058                lcd_clear
 .text.lcd_init
                0x08003078      0x9fc FLASH_RUN/lcd.o
                0x08003078                lcd_init
 .text.set_pixel
                0x08003a74       0x18 FLASH_RUN/lcd.o
                0x08003a74                set_pixel
 .text.out_lcd  0x08003a8c       0x54 FLASH_RUN/lcd.o
                0x08003a8c                out_lcd
 .text.uni_to_kssm
                0x08003ae0       0x62 FLASH_RUN/lcd.o
                0x08003ae0                uni_to_kssm
 *fill*         0x08003b42        0x2 
 .text.ks5601_to_kssm
                0x08003b44       0x3c FLASH_RUN/lcd.o
                0x08003b44                ks5601_to_kssm
 .text.put_eng  0x08003b80       0xfc FLASH_RUN/lcd.o
                0x08003b80                put_eng
 .text.put_han  0x08003c7c      0x2a4 FLASH_RUN/lcd.o
                0x08003c7c                put_han
 .text.lput_char
                0x08003f20       0x38 FLASH_RUN/lcd.o
                0x08003f20                lput_char
 .text.lput_char_xy
                0x08003f58       0x4c FLASH_RUN/lcd.o
                0x08003f58                lput_char_xy
 .text.lcd_printf
                0x08003fa4       0x3c FLASH_RUN/lcd.o
                0x08003fa4                lcd_printf
 .text.pen_interrupt_set.part.0
                0x08003fe0       0x10 FLASH_RUN/ads7843.o
 .text.ads7843_write_byte
                0x08003ff0       0x38 FLASH_RUN/ads7843.o
                0x08003ff0                ads7843_write_byte
 .text.ads7843_read_adc
                0x08004028       0x4c FLASH_RUN/ads7843.o
                0x08004028                ads7843_read_adc
 .text.ads7843_read_xy
                0x08004074       0x72 FLASH_RUN/ads7843.o
                0x08004074                ads7843_read_xy
 .text.read_ads7843
                0x080040e6       0x28 FLASH_RUN/ads7843.o
                0x080040e6                read_ads7843
 .text.read_ads7843_2
                0x0800410e       0x76 FLASH_RUN/ads7843.o
                0x0800410e                read_ads7843_2
 .text.pen_interrupt_set
                0x08004184       0x18 FLASH_RUN/ads7843.o
                0x08004184                pen_interrupt_set
 .text.touch_init
                0x0800419c       0x9c FLASH_RUN/ads7843.o
                0x0800419c                touch_init
 .text.EXTI4_IRQHandler
                0x08004238       0x34 FLASH_RUN/ads7843.o
                0x08004238                EXTI4_IRQHandler
 .text.touch_process
                0x0800426c       0xa8 FLASH_RUN/ads7843.o
                0x0800426c                touch_process
 .text.disk_initialize
                0x08004314       0x18 FLASH_RUN/diskio.o
                0x08004314                disk_initialize
 .text.disk_status
                0x0800432c        0x8 FLASH_RUN/diskio.o
                0x0800432c                disk_status
 .text.disk_read
                0x08004334       0x26 FLASH_RUN/diskio.o
                0x08004334                disk_read
 .text.disk_write
                0x0800435a       0x26 FLASH_RUN/diskio.o
                0x0800435a                disk_write
 .text.get_fattime
                0x08004380        0x4 FLASH_RUN/diskio.o
                0x08004380                get_fattime
 .text.mem_cpy  0x08004384       0x14 FLASH_RUN/ff.o
 .text.mem_cmp  0x08004398       0x1c FLASH_RUN/ff.o
 .text.clust2sect
                0x080043b4       0x16 FLASH_RUN/ff.o
 .text.get_fileinfo
                0x080043ca       0x96 FLASH_RUN/ff.o
 .text.validate
                0x08004460       0x22 FLASH_RUN/ff.o
 *fill*         0x08004482        0x2 
 .text.check_fs
                0x08004484       0x60 FLASH_RUN/ff.o
 .text.auto_mount
                0x080044e4      0x1d0 FLASH_RUN/ff.o
 .text.move_window
                0x080046b4       0x6e FLASH_RUN/ff.o
 .text.get_fat  0x08004722       0xca FLASH_RUN/ff.o
 .text.dir_seek
                0x080047ec       0x82 FLASH_RUN/ff.o
 .text.put_fat  0x0800486e       0xe8 FLASH_RUN/ff.o
 .text.create_chain
                0x08004956       0x9a FLASH_RUN/ff.o
 .text.dir_next
                0x080049f0       0xf0 FLASH_RUN/ff.o
 .text.dir_read
                0x08004ae0       0x40 FLASH_RUN/ff.o
 .text.remove_chain
                0x08004b20       0x58 FLASH_RUN/ff.o
 .text.dir_register
                0x08004b78       0x6c FLASH_RUN/ff.o
 .text.follow_path
                0x08004be4      0x21c FLASH_RUN/ff.o
 .text.f_mount  0x08004e00       0x1c FLASH_RUN/ff.o
                0x08004e00                f_mount
 .text.f_open   0x08004e1c      0x134 FLASH_RUN/ff.o
                0x08004e1c                f_open
 .text.f_read   0x08004f50      0x17c FLASH_RUN/ff.o
                0x08004f50                f_read
 .text.f_chdir  0x080050cc       0x5a FLASH_RUN/ff.o
                0x080050cc                f_chdir
 .text.f_lseek  0x08005126      0x150 FLASH_RUN/ff.o
                0x08005126                f_lseek
 .text.f_opendir
                0x08005276       0x5c FLASH_RUN/ff.o
                0x08005276                f_opendir
 .text.f_readdir
                0x080052d2       0x54 FLASH_RUN/ff.o
                0x080052d2                f_readdir
 *fill*         0x08005326        0x2 
 .text.SPI_configuration
                0x08005328       0xa8 FLASH_RUN/sd_driver.o
                0x08005328                SPI_configuration
 .text.SPI_set_speed
                0x080053d0       0x40 FLASH_RUN/sd_driver.o
                0x080053d0                SPI_set_speed
 .text.SPI_read_write_byte
                0x08005410       0x38 FLASH_RUN/sd_driver.o
                0x08005410                SPI_read_write_byte
 .text.SD_wait_ready
                0x08005448       0x1e FLASH_RUN/sd_driver.o
                0x08005448                SD_wait_ready
 *fill*         0x08005466        0x2 
 .text.SD_send_command
                0x08005468       0x70 FLASH_RUN/sd_driver.o
                0x08005468                SD_send_command
 .text.SD_send_command_no_deassert
                0x080054d8       0x5c FLASH_RUN/sd_driver.o
                0x080054d8                SD_send_command_no_deassert
 .text.SD_init  0x08005534      0x18c FLASH_RUN/sd_driver.o
                0x08005534                SD_init
 .text.SD_receive_data
                0x080056c0       0x70 FLASH_RUN/sd_driver.o
                0x080056c0                SD_receive_data
 .text.SD_read_single_block
                0x08005730       0x2a FLASH_RUN/sd_driver.o
                0x08005730                SD_read_single_block
 *fill*         0x0800575a        0x2 
 .text.SD_write_single_block
                0x0800575c       0xbc FLASH_RUN/sd_driver.o
                0x0800575c                SD_write_single_block
 .text.SD_read_multi_block
                0x08005818       0x58 FLASH_RUN/sd_driver.o
                0x08005818                SD_read_multi_block
 .text.SD_write_multi_block
                0x08005870       0xcc FLASH_RUN/sd_driver.o
                0x08005870                SD_write_multi_block
 .text.delay_ms
                0x0800593c        0x4 FLASH_RUN/vs1003.o
                0x0800593c                delay_ms
 .text.mp3_reset
                0x08005940       0x34 FLASH_RUN/vs1003.o
                0x08005940                mp3_reset
 .text.vs1003_cmd_write
                0x08005974       0x54 FLASH_RUN/vs1003.o
                0x08005974                vs1003_cmd_write
 .text.vs1003_reset_decode_time
                0x080059c8       0x16 FLASH_RUN/vs1003.o
                0x080059c8                vs1003_reset_decode_time
 *fill*         0x080059de        0x2 
 .text.vs1003_sine_test
                0x080059e0      0x13c FLASH_RUN/vs1003.o
                0x080059e0                vs1003_sine_test
 .text.vs1003_reg_read
                0x08005b1c       0x5c FLASH_RUN/vs1003.o
                0x08005b1c                vs1003_reg_read
 .text.vs1003_soft_reset
                0x08005b78       0xc8 FLASH_RUN/vs1003.o
                0x08005b78                vs1003_soft_reset
 .text.get_head_info
                0x08005c40       0x6c FLASH_RUN/vs1003.o
                0x08005c40                get_head_info
 .text.vs1003_get_mp3info
                0x08005cac      0x2c4 FLASH_RUN/vs1003.o
                0x08005cac                vs1003_get_mp3info
 .text.get_decode_time
                0x08005f70        0x6 FLASH_RUN/vs1003.o
                0x08005f70                get_decode_time
 *fill*         0x08005f76        0x2 
 .text.load_patch
                0x08005f78       0x30 FLASH_RUN/vs1003.o
                0x08005f78                load_patch
 .text.set_vs1003
                0x08005fa8       0x3c FLASH_RUN/vs1003.o
                0x08005fa8                set_vs1003
 .text.vs1003_set_volume
                0x08005fe4        0xc FLASH_RUN/vs1003.o
                0x08005fe4                vs1003_set_volume
 .text.vs1003_init
                0x08005ff0       0x44 FLASH_RUN/vs1003.o
                0x08005ff0                vs1003_init
 .text.vs1003_data_write
                0x08006034       0x38 FLASH_RUN/vs1003.o
                0x08006034                vs1003_data_write
 .text.dec2hex  0x0800606c       0x1a FLASH_RUN/mp3.o
                0x0800606c                dec2hex
 *fill*         0x08006086        0x2 
 .text.mp3_prog_bar
                0x08006088      0x20c FLASH_RUN/mp3.o
                0x08006088                mp3_prog_bar
 .text.find_music
                0x08006294       0xe4 FLASH_RUN/mp3.o
                0x08006294                find_music
 .text.display_id3v1_tag
                0x08006378      0x168 FLASH_RUN/mp3.o
                0x08006378                display_id3v1_tag
 .text.mp3_displaylist
                0x080064e0       0x64 FLASH_RUN/mp3.o
                0x080064e0                mp3_displaylist
 .text.mp3_displayinit
                0x08006544       0x64 FLASH_RUN/mp3.o
                0x08006544                mp3_displayinit
 .text.play_next
                0x080065a8       0xd8 FLASH_RUN/mp3.o
                0x080065a8                play_next
 .text.play_prev
                0x08006680       0x8c FLASH_RUN/mp3.o
                0x08006680                play_prev
 .text.mp3_init
                0x0800670c      0x128 FLASH_RUN/mp3.o
                0x0800670c                mp3_init
 .text.mp3_display
                0x08006834       0x14 FLASH_RUN/mp3.o
                0x08006834                mp3_display
 .text.mp3_seek
                0x08006848       0x34 FLASH_RUN/mp3.o
                0x08006848                mp3_seek
 .text.mp3_play
                0x0800687c      0x1fc FLASH_RUN/mp3.o
                0x0800687c                mp3_play
 .text.__get_MSP
                0x08006a78        0x8 FLASH_RUN/core.o
                0x08006a78                __get_MSP
 .text._kill    0x08006a80       0x10 FLASH_RUN/core.o
                0x08006a80                _kill
 .text._exit    0x08006a90       0x10 FLASH_RUN/core.o
                0x08006a90                _exit
 .text._getpid  0x08006aa0        0x4 FLASH_RUN/core.o
                0x08006aa0                _getpid
 .text._sbrk    0x08006aa4       0x44 FLASH_RUN/core.o
                0x08006aa4                _sbrk
 .text.time_from_seconds
                0x08006ae8       0x94 FLASH_RUN/time.o
                0x08006ae8                time_from_seconds
 .text.time_to_seconds
                0x08006b7c       0x70 FLASH_RUN/time.o
                0x08006b7c                time_to_seconds
 .text.RTC_IRQHandler
                0x08006bec       0x24 FLASH_RUN/time.o
                0x08006bec                RTC_IRQHandler
 .text.set_time
                0x08006c10       0x1c FLASH_RUN/time.o
                0x08006c10                set_time
 .text.check_rtc
                0x08006c2c       0x44 FLASH_RUN/time.o
                0x08006c2c                check_rtc
 .text.setup_rtc
                0x08006c70       0x78 FLASH_RUN/time.o
                0x08006c70                setup_rtc
 .text.init_rtc
                0x08006ce8       0x66 FLASH_RUN/time.o
                0x08006ce8                init_rtc
 *fill*         0x08006d4e        0x2 
 .text.Default_Handler
                0x08006d50       0x1c /project/stm32fx_lib/stm32f1x_iolib/stm32f1x_iolib_hd_st32_8MHz.a(startup.o)
                0x08006d50                EXTI2_IRQHandler
                0x08006d50                TIM8_TRG_COM_IRQHandler
                0x08006d50                TIM8_CC_IRQHandler
                0x08006d50                DebugMon_Handler
                0x08006d50                TIM1_CC_IRQHandler
                0x08006d50                TIM6_IRQHandler
                0x08006d50                PVD_IRQHandler
                0x08006d50                SDIO_IRQHandler
                0x08006d50                PendSV_Handler
                0x08006d50                EXTI3_IRQHandler
                0x08006d50                EXTI0_IRQHandler
                0x08006d50                I2C2_EV_IRQHandler
                0x08006d50                UsageFault_Handler
                0x08006d50                ADC1_2_IRQHandler
                0x08006d50                SPI1_IRQHandler
                0x08006d50                TAMPER_IRQHandler
                0x08006d50                TIM8_UP_IRQHandler
                0x08006d50                DMA2_Channel2_IRQHandler
                0x08006d50                DMA1_Channel4_IRQHandler
                0x08006d50                USART3_IRQHandler
                0x08006d50                DMA1_Channel7_IRQHandler
                0x08006d50                CAN1_RX1_IRQHandler
                0x08006d50                UART5_IRQHandler
                0x08006d50                ADC3_IRQHandler
                0x08006d50                DMA2_Channel1_IRQHandler
                0x08006d50                I2C1_EV_IRQHandler
                0x08006d50                DMA1_Channel6_IRQHandler
                0x08006d50                UART4_IRQHandler
                0x08006d50                TIM3_IRQHandler
                0x08006d50                RCC_IRQHandler
                0x08006d50                TIM1_TRG_COM_IRQHandler
                0x08006d50                DMA1_Channel1_IRQHandler
                0x08006d50                Default_Handler
                0x08006d50                EXTI15_10_IRQHandler
                0x08006d50                TIM7_IRQHandler
                0x08006d50                TIM5_IRQHandler
                0x08006d50                EXTI9_5_IRQHandler
                0x08006d50                SPI2_IRQHandler
                0x08006d50                MemManage_Handler
                0x08006d50                SVC_Handler
                0x08006d50                DMA1_Channel5_IRQHandler
                0x08006d50                USB_LP_CAN1_RX0_IRQHandler
                0x08006d50                USB_HP_CAN1_TX_IRQHandler
                0x08006d50                DMA1_Channel3_IRQHandler
                0x08006d50                FSMC_IRQHandler
                0x08006d50                TIM1_UP_IRQHandler
                0x08006d50                WWDG_IRQHandler
                0x08006d50                TIM2_IRQHandler
                0x08006d50                TIM1_BRK_IRQHandler
                0x08006d50                EXTI1_IRQHandler
                0x08006d50                RTCAlarm_IRQHandler
                0x08006d50                DMA2_Channel4_5_IRQHandler
                0x08006d50                I2C2_ER_IRQHandler
                0x08006d50                DMA1_Channel2_IRQHandler
                0x08006d50                TIM8_BRK_IRQHandler
                0x08006d50                CAN1_SCE_IRQHandler
                0x08006d50                FLASH_IRQHandler
                0x08006d50                BusFault_Handler
                0x08006d50                SPI3_IRQHandler
                0x08006d50                I2C1_ER_IRQHandler
                0x08006d50                MMI_Handler
                0x08006d50                USBWakeUp_IRQHandler
                0x08006d50                DMA2_Channel3_IRQHandler
 .text.__Init_Data_and_BSS
                0x08006d6c       0x48 /project/stm32fx_lib/stm32f1x_iolib/stm32f1x_iolib_hd_st32_8MHz.a(startup.o)
                0x08006d6c                __Init_Data_and_BSS
 .text.Reset_Handler
                0x08006db4       0x18 /project/stm32fx_lib/stm32f1x_iolib/stm32f1x_iolib_hd_st32_8MHz.a(startup.o)
                0x08006db4                Reset_Handler
 .text.SystemInit
                0x08006dcc       0xfc /project/stm32fx_lib/stm32f1x_iolib/stm32f1x_iolib_hd_st32_8MHz.a(system.o)
                0x08006dcc                SystemInit
 .text.NVIC_PriorityGroupConfig
                0x08006ec8       0x14 /project/stm32fx_lib/stm32f1x_iolib/stm32f1x_iolib_hd_st32_8MHz.a(irq.o)
                0x08006ec8                NVIC_PriorityGroupConfig
 .text.NVIC_Init
                0x08006edc       0x68 /project/stm32fx_lib/stm32f1x_iolib/stm32f1x_iolib_hd_st32_8MHz.a(irq.o)
                0x08006edc                NVIC_Init
 .text.NVIC_SetVectorTable
                0x08006f44       0x14 /project/stm32fx_lib/stm32f1x_iolib/stm32f1x_iolib_hd_st32_8MHz.a(irq.o)
                0x08006f44                NVIC_SetVectorTable
 .text.RCC_ADCCLKConfig
                0x08006f58       0x14 /project/stm32fx_lib/stm32f1x_iolib/stm32f1x_iolib_hd_st32_8MHz.a(rcc.o)
                0x08006f58                RCC_ADCCLKConfig
 .text.RCC_LSEConfig
                0x08006f6c       0x20 /project/stm32fx_lib/stm32f1x_iolib/stm32f1x_iolib_hd_st32_8MHz.a(rcc.o)
                0x08006f6c                RCC_LSEConfig
 .text.RCC_RTCCLKConfig
                0x08006f8c       0x10 /project/stm32fx_lib/stm32f1x_iolib/stm32f1x_iolib_hd_st32_8MHz.a(rcc.o)
                0x08006f8c                RCC_RTCCLKConfig
 .text.RCC_RTCCLKCmd
                0x08006f9c        0xc /project/stm32fx_lib/stm32f1x_iolib/stm32f1x_iolib_hd_st32_8MHz.a(rcc.o)
                0x08006f9c                RCC_RTCCLKCmd
 .text.RCC_GetClocksFreq
                0x08006fa8       0x98 /project/stm32fx_lib/stm32f1x_iolib/stm32f1x_iolib_hd_st32_8MHz.a(rcc.o)
                0x08006fa8                RCC_GetClocksFreq
 .text.RCC_APB2PeriphClockCmd
                0x08007040       0x18 /project/stm32fx_lib/stm32f1x_iolib/stm32f1x_iolib_hd_st32_8MHz.a(rcc.o)
                0x08007040                RCC_APB2PeriphClockCmd
 .text.RCC_APB1PeriphClockCmd
                0x08007058       0x18 /project/stm32fx_lib/stm32f1x_iolib/stm32f1x_iolib_hd_st32_8MHz.a(rcc.o)
                0x08007058                RCC_APB1PeriphClockCmd
 .text.RCC_APB2PeriphResetCmd
                0x08007070       0x18 /project/stm32fx_lib/stm32f1x_iolib/stm32f1x_iolib_hd_st32_8MHz.a(rcc.o)
                0x08007070                RCC_APB2PeriphResetCmd
 .text.RCC_BackupResetCmd
                0x08007088        0xc /project/stm32fx_lib/stm32f1x_iolib/stm32f1x_iolib_hd_st32_8MHz.a(rcc.o)
                0x08007088                RCC_BackupResetCmd
 .text.RCC_GetFlagStatus
                0x08007094       0x28 /project/stm32fx_lib/stm32f1x_iolib/stm32f1x_iolib_hd_st32_8MHz.a(rcc.o)
                0x08007094                RCC_GetFlagStatus
 .text.ADC_DeInit
                0x080070bc       0x5c /project/stm32fx_lib/stm32f1x_iolib/stm32f1x_iolib_hd_st32_8MHz.a(adc.o)
                0x080070bc                ADC_DeInit
 .text.ADC_Init
                0x08007118       0x48 /project/stm32fx_lib/stm32f1x_iolib/stm32f1x_iolib_hd_st32_8MHz.a(adc.o)
                0x08007118                ADC_Init
 .text.ADC_StructInit
                0x08007160       0x12 /project/stm32fx_lib/stm32f1x_iolib/stm32f1x_iolib_hd_st32_8MHz.a(adc.o)
                0x08007160                ADC_StructInit
 .text.ADC_Cmd  0x08007172       0x12 /project/stm32fx_lib/stm32f1x_iolib/stm32f1x_iolib_hd_st32_8MHz.a(adc.o)
                0x08007172                ADC_Cmd
 .text.ADC_StartCalibration
                0x08007184        0xa /project/stm32fx_lib/stm32f1x_iolib/stm32f1x_iolib_hd_st32_8MHz.a(adc.o)
                0x08007184                ADC_StartCalibration
 .text.ADC_GetCalibrationStatus
                0x0800718e        0x8 /project/stm32fx_lib/stm32f1x_iolib/stm32f1x_iolib_hd_st32_8MHz.a(adc.o)
                0x0800718e                ADC_GetCalibrationStatus
 .text.ADC_ExternalTrigInjectedConvConfig
                0x08007196        0xc /project/stm32fx_lib/stm32f1x_iolib/stm32f1x_iolib_hd_st32_8MHz.a(adc.o)
                0x08007196                ADC_ExternalTrigInjectedConvConfig
 .text.ADC_ExternalTrigInjectedConvCmd
                0x080071a2       0x12 /project/stm32fx_lib/stm32f1x_iolib/stm32f1x_iolib_hd_st32_8MHz.a(adc.o)
                0x080071a2                ADC_ExternalTrigInjectedConvCmd
 .text.ADC_SoftwareStartInjectedConvCmd
                0x080071b4       0x12 /project/stm32fx_lib/stm32f1x_iolib/stm32f1x_iolib_hd_st32_8MHz.a(adc.o)
                0x080071b4                ADC_SoftwareStartInjectedConvCmd
 .text.ADC_InjectedChannelConfig
                0x080071c6       0x5c /project/stm32fx_lib/stm32f1x_iolib/stm32f1x_iolib_hd_st32_8MHz.a(adc.o)
                0x080071c6                ADC_InjectedChannelConfig
 .text.ADC_InjectedSequencerLengthConfig
                0x08007222       0x10 /project/stm32fx_lib/stm32f1x_iolib/stm32f1x_iolib_hd_st32_8MHz.a(adc.o)
                0x08007222                ADC_InjectedSequencerLengthConfig
 .text.ADC_GetInjectedConversionValue
                0x08007232       0x1a /project/stm32fx_lib/stm32f1x_iolib/stm32f1x_iolib_hd_st32_8MHz.a(adc.o)
                0x08007232                ADC_GetInjectedConversionValue
 .text.ADC_GetFlagStatus
                0x0800724c        0xc /project/stm32fx_lib/stm32f1x_iolib/stm32f1x_iolib_hd_st32_8MHz.a(adc.o)
                0x0800724c                ADC_GetFlagStatus
 .text.ADC_ClearFlag
                0x08007258        0x6 /project/stm32fx_lib/stm32f1x_iolib/stm32f1x_iolib_hd_st32_8MHz.a(adc.o)
                0x08007258                ADC_ClearFlag
 .text.BKP_DeInit
                0x0800725e       0x12 /project/stm32fx_lib/stm32f1x_iolib/stm32f1x_iolib_hd_st32_8MHz.a(bkp.o)
                0x0800725e                BKP_DeInit
 .text.BKP_TamperPinCmd
                0x08007270        0xc /project/stm32fx_lib/stm32f1x_iolib/stm32f1x_iolib_hd_st32_8MHz.a(bkp.o)
                0x08007270                BKP_TamperPinCmd
 .text.BKP_ITConfig
                0x0800727c        0xc /project/stm32fx_lib/stm32f1x_iolib/stm32f1x_iolib_hd_st32_8MHz.a(bkp.o)
                0x0800727c                BKP_ITConfig
 .text.BKP_WriteBackupRegister
                0x08007288       0x1c /project/stm32fx_lib/stm32f1x_iolib/stm32f1x_iolib_hd_st32_8MHz.a(bkp.o)
                0x08007288                BKP_WriteBackupRegister
 .text.BKP_ReadBackupRegister
                0x080072a4       0x20 /project/stm32fx_lib/stm32f1x_iolib/stm32f1x_iolib_hd_st32_8MHz.a(bkp.o)
                0x080072a4                BKP_ReadBackupRegister
 .text.BKP_ClearFlag
                0x080072c4       0x14 /project/stm32fx_lib/stm32f1x_iolib/stm32f1x_iolib_hd_st32_8MHz.a(bkp.o)
                0x080072c4                BKP_ClearFlag
 .text.EXTI_Init
                0x080072d8       0x70 /project/stm32fx_lib/stm32f1x_iolib/stm32f1x_iolib_hd_st32_8MHz.a(exti.o)
                0x080072d8                EXTI_Init
 .text.EXTI_ClearFlag
                0x08007348        0xc /project/stm32fx_lib/stm32f1x_iolib/stm32f1x_iolib_hd_st32_8MHz.a(exti.o)
                0x08007348                EXTI_ClearFlag
 .text.EXTI_GetITStatus
                0x08007354       0x1c /project/stm32fx_lib/stm32f1x_iolib/stm32f1x_iolib_hd_st32_8MHz.a(exti.o)
                0x08007354                EXTI_GetITStatus
 .text.EXTI_ClearITPendingBit
                0x08007370        0xc /project/stm32fx_lib/stm32f1x_iolib/stm32f1x_iolib_hd_st32_8MHz.a(exti.o)
                0x08007370                EXTI_ClearITPendingBit
 .text.FLASH_Unlock
                0x0800737c       0x18 /project/stm32fx_lib/stm32f1x_iolib/stm32f1x_iolib_hd_st32_8MHz.a(flash.o)
                0x0800737c                FLASH_Unlock
 .text.FLASH_Lock
                0x08007394       0x10 /project/stm32fx_lib/stm32f1x_iolib/stm32f1x_iolib_hd_st32_8MHz.a(flash.o)
                0x08007394                FLASH_Lock
 .text.FLASH_GetReadOutProtectionStatus
                0x080073a4       0x10 /project/stm32fx_lib/stm32f1x_iolib/stm32f1x_iolib_hd_st32_8MHz.a(flash.o)
                0x080073a4                FLASH_GetReadOutProtectionStatus
 .text.FLASH_GetBank1Status
                0x080073b4       0x28 /project/stm32fx_lib/stm32f1x_iolib/stm32f1x_iolib_hd_st32_8MHz.a(flash.o)
                0x080073b4                FLASH_GetBank1Status
 .text.FLASH_WaitForLastOperation
                0x080073dc       0x22 /project/stm32fx_lib/stm32f1x_iolib/stm32f1x_iolib_hd_st32_8MHz.a(flash.o)
                0x080073dc                FLASH_WaitForLastOperation
 *fill*         0x080073fe        0x2 
 .text.FLASH_EraseOptionBytes
                0x08007400       0x7c /project/stm32fx_lib/stm32f1x_iolib/stm32f1x_iolib_hd_st32_8MHz.a(flash.o)
                0x08007400                FLASH_EraseOptionBytes
 .text.FLASH_ReadOutProtection
                0x0800747c       0x8c /project/stm32fx_lib/stm32f1x_iolib/stm32f1x_iolib_hd_st32_8MHz.a(flash.o)
                0x0800747c                FLASH_ReadOutProtection
 .text.GPIO_Init_Pin
                0x08007508       0xa0 /project/stm32fx_lib/stm32f1x_iolib/stm32f1x_iolib_hd_st32_8MHz.a(gpio.o)
                0x08007508                GPIO_Init_Pin
 .text.GPIO_SetBits
                0x080075a8        0x4 /project/stm32fx_lib/stm32f1x_iolib/stm32f1x_iolib_hd_st32_8MHz.a(gpio.o)
                0x080075a8                GPIO_SetBits
 .text.GPIO_ResetBits
                0x080075ac        0x4 /project/stm32fx_lib/stm32f1x_iolib/stm32f1x_iolib_hd_st32_8MHz.a(gpio.o)
                0x080075ac                GPIO_ResetBits
 .text.GPIO_PinRemapConfig
                0x080075b0       0x60 /project/stm32fx_lib/stm32f1x_iolib/stm32f1x_iolib_hd_st32_8MHz.a(gpio.o)
                0x080075b0                GPIO_PinRemapConfig
 .text.GPIO_EXTILineConfig
                0x08007610       0x2a /project/stm32fx_lib/stm32f1x_iolib/stm32f1x_iolib_hd_st32_8MHz.a(gpio.o)
                0x08007610                GPIO_EXTILineConfig
 *fill*         0x0800763a        0x2 
 .text.IWDG_ReloadCounter
                0x0800763c       0x10 /project/stm32fx_lib/stm32f1x_iolib/stm32f1x_iolib_hd_st32_8MHz.a(iwdg.o)
                0x0800763c                IWDG_ReloadCounter
 .text.PWR_BackupAccessCmd
                0x0800764c        0xc /project/stm32fx_lib/stm32f1x_iolib/stm32f1x_iolib_hd_st32_8MHz.a(pwr.o)
                0x0800764c                PWR_BackupAccessCmd
 .text.RTC_ITConfig
                0x08007658       0x18 /project/stm32fx_lib/stm32f1x_iolib/stm32f1x_iolib_hd_st32_8MHz.a(rtc.o)
                0x08007658                RTC_ITConfig
 .text.RTC_EnterConfigMode
                0x08007670       0x14 /project/stm32fx_lib/stm32f1x_iolib/stm32f1x_iolib_hd_st32_8MHz.a(rtc.o)
                0x08007670                RTC_EnterConfigMode
 .text.RTC_ExitConfigMode
                0x08007684       0x14 /project/stm32fx_lib/stm32f1x_iolib/stm32f1x_iolib_hd_st32_8MHz.a(rtc.o)
                0x08007684                RTC_ExitConfigMode
 .text.RTC_GetCounter
                0x08007698       0x14 /project/stm32fx_lib/stm32f1x_iolib/stm32f1x_iolib_hd_st32_8MHz.a(rtc.o)
                0x08007698                RTC_GetCounter
 .text.RTC_SetCounter
                0x080076ac       0x1c /project/stm32fx_lib/stm32f1x_iolib/stm32f1x_iolib_hd_st32_8MHz.a(rtc.o)
                0x080076ac                RTC_SetCounter
 .text.RTC_SetPrescaler
                0x080076c8       0x20 /project/stm32fx_lib/stm32f1x_iolib/stm32f1x_iolib_hd_st32_8MHz.a(rtc.o)
                0x080076c8                RTC_SetPrescaler
 .text.RTC_WaitForLastTask
                0x080076e8       0x10 /project/stm32fx_lib/stm32f1x_iolib/stm32f1x_iolib_hd_st32_8MHz.a(rtc.o)
                0x080076e8                RTC_WaitForLastTask
 .text.RTC_WaitForSynchro
                0x080076f8       0x1c /project/stm32fx_lib/stm32f1x_iolib/stm32f1x_iolib_hd_st32_8MHz.a(rtc.o)
                0x080076f8                RTC_WaitForSynchro
 .text.RTC_GetITStatus
                0x08007714       0x20 /project/stm32fx_lib/stm32f1x_iolib/stm32f1x_iolib_hd_st32_8MHz.a(rtc.o)
                0x08007714                RTC_GetITStatus
 .text.RTC_ClearITPendingBit
                0x08007734       0x14 /project/stm32fx_lib/stm32f1x_iolib/stm32f1x_iolib_hd_st32_8MHz.a(rtc.o)
                0x08007734                RTC_ClearITPendingBit
 .text.SPI_Init
                0x08007748       0x3e /project/stm32fx_lib/stm32f1x_iolib/stm32f1x_iolib_hd_st32_8MHz.a(spi.o)
                0x08007748                SPI_Init
 .text.SPI_Cmd  0x08007786       0x18 /project/stm32fx_lib/stm32f1x_iolib/stm32f1x_iolib_hd_st32_8MHz.a(spi.o)
                0x08007786                SPI_Cmd
 .text.SPI_I2S_SendData
                0x0800779e        0x4 /project/stm32fx_lib/stm32f1x_iolib/stm32f1x_iolib_hd_st32_8MHz.a(spi.o)
                0x0800779e                SPI_I2S_SendData
 .text.SPI_I2S_ReceiveData
                0x080077a2        0x6 /project/stm32fx_lib/stm32f1x_iolib/stm32f1x_iolib_hd_st32_8MHz.a(spi.o)
                0x080077a2                SPI_I2S_ReceiveData
 .text.SPI_I2S_GetFlagStatus
                0x080077a8        0xc /project/stm32fx_lib/stm32f1x_iolib/stm32f1x_iolib_hd_st32_8MHz.a(spi.o)
                0x080077a8                SPI_I2S_GetFlagStatus
 .text.TIM_ClearITPendingBit
                0x080077b4        0x8 /project/stm32fx_lib/stm32f1x_iolib/stm32f1x_iolib_hd_st32_8MHz.a(timer.o)
                0x080077b4                TIM_ClearITPendingBit
 .text.USART_Init
                0x080077bc       0xac /project/stm32fx_lib/stm32f1x_iolib/stm32f1x_iolib_hd_st32_8MHz.a(usart.o)
                0x080077bc                USART_Init
 .text.USART_Cmd
                0x08007868       0x18 /project/stm32fx_lib/stm32f1x_iolib/stm32f1x_iolib_hd_st32_8MHz.a(usart.o)
                0x08007868                USART_Cmd
 .text.USART_ITConfig
                0x08007880       0x30 /project/stm32fx_lib/stm32f1x_iolib/stm32f1x_iolib_hd_st32_8MHz.a(usart.o)
                0x08007880                USART_ITConfig
 .text.USART_SendData
                0x080078b0        0x8 /project/stm32fx_lib/stm32f1x_iolib/stm32f1x_iolib_hd_st32_8MHz.a(usart.o)
                0x080078b0                USART_SendData
 .text.USART_ReceiveData
                0x080078b8        0x8 /project/stm32fx_lib/stm32f1x_iolib/stm32f1x_iolib_hd_st32_8MHz.a(usart.o)
                0x080078b8                USART_ReceiveData
 .text.USART_GetITStatus
                0x080078c0       0x40 /project/stm32fx_lib/stm32f1x_iolib/stm32f1x_iolib_hd_st32_8MHz.a(usart.o)
                0x080078c0                USART_GetITStatus
 .text.USART_ClearITPendingBit
                0x08007900        0xe /project/stm32fx_lib/stm32f1x_iolib/stm32f1x_iolib_hd_st32_8MHz.a(usart.o)
                0x08007900                USART_ClearITPendingBit
 *fill*         0x0800790e        0x2 
 .text.abort    0x08007910       0x10 c:/program files (x86)/gnu tools arm embedded/9 2019-q4-major/bin/../lib/gcc/arm-none-eabi/9.2.1/../../../../arm-none-eabi/lib/thumb/v7-m/nofp\libc.a(lib_a-abort.o)
                0x08007910                abort
 .text.__errno  0x08007920        0xc c:/program files (x86)/gnu tools arm embedded/9 2019-q4-major/bin/../lib/gcc/arm-none-eabi/9.2.1/../../../../arm-none-eabi/lib/thumb/v7-m/nofp\libc.a(lib_a-errno.o)
                0x08007920                __errno
 .text.malloc   0x0800792c       0x10 c:/program files (x86)/gnu tools arm embedded/9 2019-q4-major/bin/../lib/gcc/arm-none-eabi/9.2.1/../../../../arm-none-eabi/lib/thumb/v7-m/nofp\libc.a(lib_a-malloc.o)
                0x0800792c                malloc
 .text._malloc_r
                0x0800793c      0x55c c:/program files (x86)/gnu tools arm embedded/9 2019-q4-major/bin/../lib/gcc/arm-none-eabi/9.2.1/../../../../arm-none-eabi/lib/thumb/v7-m/nofp\libc.a(lib_a-mallocr.o)
                0x0800793c                _malloc_r
 .text          0x08007e98       0xec c:/program files (x86)/gnu tools arm embedded/9 2019-q4-major/bin/../lib/gcc/arm-none-eabi/9.2.1/../../../../arm-none-eabi/lib/thumb/v7-m/nofp\libc.a(lib_a-memcpy.o)
                0x08007e98                memcpy
 .text.memset   0x08007f84       0xa0 c:/program files (x86)/gnu tools arm embedded/9 2019-q4-major/bin/../lib/gcc/arm-none-eabi/9.2.1/../../../../arm-none-eabi/lib/thumb/v7-m/nofp\libc.a(lib_a-memset.o)
                0x08007f84                memset
 .text.__malloc_lock
                0x08008024        0xc c:/program files (x86)/gnu tools arm embedded/9 2019-q4-major/bin/../lib/gcc/arm-none-eabi/9.2.1/../../../../arm-none-eabi/lib/thumb/v7-m/nofp\libc.a(lib_a-mlock.o)
                0x08008024                __malloc_lock
 .text.__malloc_unlock
                0x08008030        0xc c:/program files (x86)/gnu tools arm embedded/9 2019-q4-major/bin/../lib/gcc/arm-none-eabi/9.2.1/../../../../arm-none-eabi/lib/thumb/v7-m/nofp\libc.a(lib_a-mlock.o)
                0x08008030                __malloc_unlock
 .text._sbrk_r  0x0800803c       0x24 c:/program files (x86)/gnu tools arm embedded/9 2019-q4-major/bin/../lib/gcc/arm-none-eabi/9.2.1/../../../../arm-none-eabi/lib/thumb/v7-m/nofp\libc.a(lib_a-sbrkr.o)
                0x0800803c                _sbrk_r
 .text._raise_r
                0x08008060       0x58 c:/program files (x86)/gnu tools arm embedded/9 2019-q4-major/bin/../lib/gcc/arm-none-eabi/9.2.1/../../../../arm-none-eabi/lib/thumb/v7-m/nofp\libc.a(lib_a-signal.o)
                0x08008060                _raise_r
 .text.raise    0x080080b8       0x10 c:/program files (x86)/gnu tools arm embedded/9 2019-q4-major/bin/../lib/gcc/arm-none-eabi/9.2.1/../../../../arm-none-eabi/lib/thumb/v7-m/nofp\libc.a(lib_a-signal.o)
                0x080080b8                raise
 .text._kill_r  0x080080c8       0x2c c:/program files (x86)/gnu tools arm embedded/9 2019-q4-major/bin/../lib/gcc/arm-none-eabi/9.2.1/../../../../arm-none-eabi/lib/thumb/v7-m/nofp\libc.a(lib_a-signalr.o)
                0x080080c8                _kill_r
 .text._getpid_r
                0x080080f4        0x4 c:/program files (x86)/gnu tools arm embedded/9 2019-q4-major/bin/../lib/gcc/arm-none-eabi/9.2.1/../../../../arm-none-eabi/lib/thumb/v7-m/nofp\libc.a(lib_a-signalr.o)
                0x080080f4                _getpid_r
 .text.strcasecmp
                0x080080f8       0x44 c:/program files (x86)/gnu tools arm embedded/9 2019-q4-major/bin/../lib/gcc/arm-none-eabi/9.2.1/../../../../arm-none-eabi/lib/thumb/v7-m/nofp\libc.a(lib_a-strcasecmp.o)
                0x080080f8                strcasecmp
 .text.strcpy   0x0800813c       0xbc c:/program files (x86)/gnu tools arm embedded/9 2019-q4-major/bin/../lib/gcc/arm-none-eabi/9.2.1/../../../../arm-none-eabi/lib/thumb/v7-m/nofp\libc.a(lib_a-strcpy.o)
                0x0800813c                strcpy
 .text.strlen   0x080081f8       0x5c c:/program files (x86)/gnu tools arm embedded/9 2019-q4-major/bin/../lib/gcc/arm-none-eabi/9.2.1/../../../../arm-none-eabi/lib/thumb/v7-m/nofp\libc.a(lib_a-strlen-stub.o)
                0x080081f8                strlen
 .text._vsprintf_r
                0x08008254       0x28 c:/program files (x86)/gnu tools arm embedded/9 2019-q4-major/bin/../lib/gcc/arm-none-eabi/9.2.1/../../../../arm-none-eabi/lib/thumb/v7-m/nofp\libc.a(lib_a-vsprintf.o)
                0x08008254                _vsprintf_r
 .text.vsprintf
                0x0800827c       0x18 c:/program files (x86)/gnu tools arm embedded/9 2019-q4-major/bin/../lib/gcc/arm-none-eabi/9.2.1/../../../../arm-none-eabi/lib/thumb/v7-m/nofp\libc.a(lib_a-vsprintf.o)
                0x0800827c                vsprintf
 .text._malloc_trim_r
                0x08008294       0xa0 c:/program files (x86)/gnu tools arm embedded/9 2019-q4-major/bin/../lib/gcc/arm-none-eabi/9.2.1/../../../../arm-none-eabi/lib/thumb/v7-m/nofp\libc.a(lib_a-freer.o)
                0x08008294                _malloc_trim_r
 .text._free_r  0x08008334      0x20c c:/program files (x86)/gnu tools arm embedded/9 2019-q4-major/bin/../lib/gcc/arm-none-eabi/9.2.1/../../../../arm-none-eabi/lib/thumb/v7-m/nofp\libc.a(lib_a-freer.o)
                0x08008334                _free_r
 .text.__retarget_lock_acquire_recursive
                0x08008540        0x4 c:/program files (x86)/gnu tools arm embedded/9 2019-q4-major/bin/../lib/gcc/arm-none-eabi/9.2.1/../../../../arm-none-eabi/lib/thumb/v7-m/nofp\libc.a(lib_a-lock.o)
                0x08008540                __retarget_lock_acquire_recursive
 .text.__retarget_lock_release_recursive
                0x08008544        0x4 c:/program files (x86)/gnu tools arm embedded/9 2019-q4-major/bin/../lib/gcc/arm-none-eabi/9.2.1/../../../../arm-none-eabi/lib/thumb/v7-m/nofp\libc.a(lib_a-lock.o)
                0x08008544                __retarget_lock_release_recursive
 .text._svfprintf_r
                0x08008548     0x1b50 c:/program files (x86)/gnu tools arm embedded/9 2019-q4-major/bin/../lib/gcc/arm-none-eabi/9.2.1/../../../../arm-none-eabi/lib/thumb/v7-m/nofp\libc.a(lib_a-svfprintf.o)
                0x08008548                _svfprintf_r
 .text.quorem   0x0800a098      0x120 c:/program files (x86)/gnu tools arm embedded/9 2019-q4-major/bin/../lib/gcc/arm-none-eabi/9.2.1/../../../../arm-none-eabi/lib/thumb/v7-m/nofp\libc.a(lib_a-dtoa.o)
 .text._dtoa_r  0x0800a1b8      0xe8c c:/program files (x86)/gnu tools arm embedded/9 2019-q4-major/bin/../lib/gcc/arm-none-eabi/9.2.1/../../../../arm-none-eabi/lib/thumb/v7-m/nofp\libc.a(lib_a-dtoa.o)
                0x0800a1b8                _dtoa_r
 .text._localeconv_r
                0x0800b044        0x8 c:/program files (x86)/gnu tools arm embedded/9 2019-q4-major/bin/../lib/gcc/arm-none-eabi/9.2.1/../../../../arm-none-eabi/lib/thumb/v7-m/nofp\libc.a(lib_a-localeconv.o)
                0x0800b044                _localeconv_r
 .text.memchr   0x0800b04c       0x80 c:/program files (x86)/gnu tools arm embedded/9 2019-q4-major/bin/../lib/gcc/arm-none-eabi/9.2.1/../../../../arm-none-eabi/lib/thumb/v7-m/nofp\libc.a(lib_a-memchr-stub.o)
                0x0800b04c                memchr
 .text._Balloc  0x0800b0cc       0x4c c:/program files (x86)/gnu tools arm embedded/9 2019-q4-major/bin/../lib/gcc/arm-none-eabi/9.2.1/../../../../arm-none-eabi/lib/thumb/v7-m/nofp\libc.a(lib_a-mprec.o)
                0x0800b0cc                _Balloc
 .text._Bfree   0x0800b118       0x14 c:/program files (x86)/gnu tools arm embedded/9 2019-q4-major/bin/../lib/gcc/arm-none-eabi/9.2.1/../../../../arm-none-eabi/lib/thumb/v7-m/nofp\libc.a(lib_a-mprec.o)
                0x0800b118                _Bfree
 .text.__multadd
                0x0800b12c       0x7c c:/program files (x86)/gnu tools arm embedded/9 2019-q4-major/bin/../lib/gcc/arm-none-eabi/9.2.1/../../../../arm-none-eabi/lib/thumb/v7-m/nofp\libc.a(lib_a-mprec.o)
                0x0800b12c                __multadd
 .text.__hi0bits
                0x0800b1a8       0x40 c:/program files (x86)/gnu tools arm embedded/9 2019-q4-major/bin/../lib/gcc/arm-none-eabi/9.2.1/../../../../arm-none-eabi/lib/thumb/v7-m/nofp\libc.a(lib_a-mprec.o)
                0x0800b1a8                __hi0bits
 .text.__lo0bits
                0x0800b1e8       0x60 c:/program files (x86)/gnu tools arm embedded/9 2019-q4-major/bin/../lib/gcc/arm-none-eabi/9.2.1/../../../../arm-none-eabi/lib/thumb/v7-m/nofp\libc.a(lib_a-mprec.o)
                0x0800b1e8                __lo0bits
 .text.__i2b    0x0800b248       0x14 c:/program files (x86)/gnu tools arm embedded/9 2019-q4-major/bin/../lib/gcc/arm-none-eabi/9.2.1/../../../../arm-none-eabi/lib/thumb/v7-m/nofp\libc.a(lib_a-mprec.o)
                0x0800b248                __i2b
 .text.__multiply
                0x0800b25c      0x144 c:/program files (x86)/gnu tools arm embedded/9 2019-q4-major/bin/../lib/gcc/arm-none-eabi/9.2.1/../../../../arm-none-eabi/lib/thumb/v7-m/nofp\libc.a(lib_a-mprec.o)
                0x0800b25c                __multiply
 .text.__pow5mult
                0x0800b3a0       0xa0 c:/program files (x86)/gnu tools arm embedded/9 2019-q4-major/bin/../lib/gcc/arm-none-eabi/9.2.1/../../../../arm-none-eabi/lib/thumb/v7-m/nofp\libc.a(lib_a-mprec.o)
                0x0800b3a0                __pow5mult
 .text.__lshift
                0x0800b440       0xd0 c:/program files (x86)/gnu tools arm embedded/9 2019-q4-major/bin/../lib/gcc/arm-none-eabi/9.2.1/../../../../arm-none-eabi/lib/thumb/v7-m/nofp\libc.a(lib_a-mprec.o)
                0x0800b440                __lshift
 .text.__mcmp   0x0800b510       0x3c c:/program files (x86)/gnu tools arm embedded/9 2019-q4-major/bin/../lib/gcc/arm-none-eabi/9.2.1/../../../../arm-none-eabi/lib/thumb/v7-m/nofp\libc.a(lib_a-mprec.o)
                0x0800b510                __mcmp
 .text.__mdiff  0x0800b54c      0x138 c:/program files (x86)/gnu tools arm embedded/9 2019-q4-major/bin/../lib/gcc/arm-none-eabi/9.2.1/../../../../arm-none-eabi/lib/thumb/v7-m/nofp\libc.a(lib_a-mprec.o)
                0x0800b54c                __mdiff
 .text.__d2b    0x0800b684       0xa8 c:/program files (x86)/gnu tools arm embedded/9 2019-q4-major/bin/../lib/gcc/arm-none-eabi/9.2.1/../../../../arm-none-eabi/lib/thumb/v7-m/nofp\libc.a(lib_a-mprec.o)
                0x0800b684                __d2b
 .text.frexp    0x0800b72c       0x70 c:/program files (x86)/gnu tools arm embedded/9 2019-q4-major/bin/../lib/gcc/arm-none-eabi/9.2.1/../../../../arm-none-eabi/lib/thumb/v7-m/nofp\libc.a(lib_a-s_frexp.o)
                0x0800b72c                frexp
 .text.strncpy  0x0800b79c       0x68 c:/program files (x86)/gnu tools arm embedded/9 2019-q4-major/bin/../lib/gcc/arm-none-eabi/9.2.1/../../../../arm-none-eabi/lib/thumb/v7-m/nofp\libc.a(lib_a-strncpy.o)
                0x0800b79c                strncpy
 .text.__ssprint_r
                0x0800b804       0xf8 c:/program files (x86)/gnu tools arm embedded/9 2019-q4-major/bin/../lib/gcc/arm-none-eabi/9.2.1/../../../../arm-none-eabi/lib/thumb/v7-m/nofp\libc.a(lib_a-svfiprintf.o)
                0x0800b804                __ssprint_r
 .text._calloc_r
                0x0800b8fc       0x60 c:/program files (x86)/gnu tools arm embedded/9 2019-q4-major/bin/../lib/gcc/arm-none-eabi/9.2.1/../../../../arm-none-eabi/lib/thumb/v7-m/nofp\libc.a(lib_a-callocr.o)
                0x0800b8fc                _calloc_r
 .text.__ascii_mbtowc
                0x0800b95c       0x2c c:/program files (x86)/gnu tools arm embedded/9 2019-q4-major/bin/../lib/gcc/arm-none-eabi/9.2.1/../../../../arm-none-eabi/lib/thumb/v7-m/nofp\libc.a(lib_a-mbtowc_r.o)
                0x0800b95c                __ascii_mbtowc
 .text.memmove  0x0800b988       0xd4 c:/program files (x86)/gnu tools arm embedded/9 2019-q4-major/bin/../lib/gcc/arm-none-eabi/9.2.1/../../../../arm-none-eabi/lib/thumb/v7-m/nofp\libc.a(lib_a-memmove.o)
                0x0800b988                memmove
 .text._realloc_r
                0x0800ba5c      0x3e0 c:/program files (x86)/gnu tools arm embedded/9 2019-q4-major/bin/../lib/gcc/arm-none-eabi/9.2.1/../../../../arm-none-eabi/lib/thumb/v7-m/nofp\libc.a(lib_a-reallocr.o)
                0x0800ba5c                _realloc_r
 .text.__ascii_wctomb
                0x0800be3c       0x1c c:/program files (x86)/gnu tools arm embedded/9 2019-q4-major/bin/../lib/gcc/arm-none-eabi/9.2.1/../../../../arm-none-eabi/lib/thumb/v7-m/nofp\libc.a(lib_a-wctomb_r.o)
                0x0800be3c                __ascii_wctomb
 .text          0x0800be58      0x378 c:/program files (x86)/gnu tools arm embedded/9 2019-q4-major/bin/../lib/gcc/arm-none-eabi/9.2.1/thumb/v7-m/nofp\libgcc.a(_arm_addsubdf3.o)
                0x0800be58                __aeabi_drsub
                0x0800be60                __aeabi_dsub
                0x0800be60                __subdf3
                0x0800be64                __aeabi_dadd
                0x0800be64                __adddf3
                0x0800c0dc                __floatunsidf
                0x0800c0dc                __aeabi_ui2d
                0x0800c0fc                __floatsidf
                0x0800c0fc                __aeabi_i2d
                0x0800c120                __aeabi_f2d
                0x0800c120                __extendsfdf2
                0x0800c164                __floatundidf
                0x0800c164                __aeabi_ul2d
                0x0800c174                __floatdidf
                0x0800c174                __aeabi_l2d
 .text          0x0800c1d0      0x424 c:/program files (x86)/gnu tools arm embedded/9 2019-q4-major/bin/../lib/gcc/arm-none-eabi/9.2.1/thumb/v7-m/nofp\libgcc.a(_arm_muldivdf3.o)
                0x0800c1d0                __aeabi_dmul
                0x0800c1d0                __muldf3
                0x0800c424                __divdf3
                0x0800c424                __aeabi_ddiv
 .text          0x0800c5f4      0x110 c:/program files (x86)/gnu tools arm embedded/9 2019-q4-major/bin/../lib/gcc/arm-none-eabi/9.2.1/thumb/v7-m/nofp\libgcc.a(_arm_cmpdf2.o)
                0x0800c5f4                __gtdf2
                0x0800c5f4                __gedf2
                0x0800c5fc                __ltdf2
                0x0800c5fc                __ledf2
                0x0800c604                __nedf2
                0x0800c604                __eqdf2
                0x0800c604                __cmpdf2
                0x0800c680                __aeabi_cdrcmple
                0x0800c690                __aeabi_cdcmpeq
                0x0800c690                __aeabi_cdcmple
                0x0800c6a0                __aeabi_dcmpeq
                0x0800c6b4                __aeabi_dcmplt
                0x0800c6c8                __aeabi_dcmple
                0x0800c6dc                __aeabi_dcmpge
                0x0800c6f0                __aeabi_dcmpgt
 .text          0x0800c704       0x2c c:/program files (x86)/gnu tools arm embedded/9 2019-q4-major/bin/../lib/gcc/arm-none-eabi/9.2.1/thumb/v7-m/nofp\libgcc.a(_arm_unorddf2.o)
                0x0800c704                __unorddf2
                0x0800c704                __aeabi_dcmpun
 .text          0x0800c730       0x50 c:/program files (x86)/gnu tools arm embedded/9 2019-q4-major/bin/../lib/gcc/arm-none-eabi/9.2.1/thumb/v7-m/nofp\libgcc.a(_arm_fixdfsi.o)
                0x0800c730                __aeabi_d2iz
                0x0800c730                __fixdfsi
 .text          0x0800c780      0x21c c:/program files (x86)/gnu tools arm embedded/9 2019-q4-major/bin/../lib/gcc/arm-none-eabi/9.2.1/thumb/v7-m/nofp\libgcc.a(_arm_addsubsf3.o)
                0x0800c780                __aeabi_frsub
                0x0800c788                __subsf3
                0x0800c788                __aeabi_fsub
                0x0800c78c                __aeabi_fadd
                0x0800c78c                __addsf3
                0x0800c8ec                __aeabi_ui2f
                0x0800c8ec                __floatunsisf
                0x0800c8f4                __aeabi_i2f
                0x0800c8f4                __floatsisf
                0x0800c910                __aeabi_ul2f
                0x0800c910                __floatundisf
                0x0800c920                __aeabi_l2f
                0x0800c920                __floatdisf
 .text          0x0800c99c      0x2a0 c:/program files (x86)/gnu tools arm embedded/9 2019-q4-major/bin/../lib/gcc/arm-none-eabi/9.2.1/thumb/v7-m/nofp\libgcc.a(_arm_muldivsf3.o)
                0x0800c99c                __mulsf3
                0x0800c99c                __aeabi_fmul
                0x0800cb04                __aeabi_fdiv
                0x0800cb04                __divsf3
 .text          0x0800cc3c       0xec c:/program files (x86)/gnu tools arm embedded/9 2019-q4-major/bin/../lib/gcc/arm-none-eabi/9.2.1/thumb/v7-m/nofp\libgcc.a(_arm_cmpsf2.o)
                0x0800cc3c                __gesf2
                0x0800cc3c                __gtsf2
                0x0800cc44                __lesf2
                0x0800cc44                __ltsf2
                0x0800cc4c                __nesf2
                0x0800cc4c                __eqsf2
                0x0800cc4c                __cmpsf2
                0x0800ccac                __aeabi_cfrcmple
                0x0800ccb4                __aeabi_cfcmpeq
                0x0800ccb4                __aeabi_cfcmple
                0x0800ccc4                __aeabi_fcmpeq
                0x0800ccd8                __aeabi_fcmplt
                0x0800ccec                __aeabi_fcmple
                0x0800cd00                __aeabi_fcmpge
                0x0800cd14                __aeabi_fcmpgt
 .text          0x0800cd28       0x40 c:/program files (x86)/gnu tools arm embedded/9 2019-q4-major/bin/../lib/gcc/arm-none-eabi/9.2.1/thumb/v7-m/nofp\libgcc.a(_arm_fixunssfsi.o)
                0x0800cd28                __fixunssfsi
                0x0800cd28                __aeabi_f2uiz
 .text          0x0800cd68       0x30 c:/program files (x86)/gnu tools arm embedded/9 2019-q4-major/bin/../lib/gcc/arm-none-eabi/9.2.1/thumb/v7-m/nofp\libgcc.a(_aeabi_uldivmod.o)
                0x0800cd68                __aeabi_uldivmod
 .text          0x0800cd98      0x2c4 c:/program files (x86)/gnu tools arm embedded/9 2019-q4-major/bin/../lib/gcc/arm-none-eabi/9.2.1/thumb/v7-m/nofp\libgcc.a(_udivmoddi4.o)
                0x0800cd98                __udivmoddi4
 .text          0x0800d05c        0x4 c:/program files (x86)/gnu tools arm embedded/9 2019-q4-major/bin/../lib/gcc/arm-none-eabi/9.2.1/thumb/v7-m/nofp\libgcc.a(_dvmd_tls.o)
                0x0800d05c                __aeabi_idiv0
                0x0800d05c                __aeabi_ldiv0
 *(.plt)
 *(.gnu.warning)
 *(.glue_7t)
 .glue_7t       0x0800d060        0x0 linker stubs
 *(.glue_7)
 .glue_7        0x0800d060        0x0 linker stubs
 *(.vfp11_veneer)
 .vfp11_veneer  0x0800d060        0x0 linker stubs
 *(.ARM.extab* .gnu.linkonce.armextab.*)
 *(.gcc_except_table)

.v4_bx          0x0800d060        0x0
 .v4_bx         0x0800d060        0x0 linker stubs

.iplt           0x0800d060        0x0
 .iplt          0x0800d060        0x0 FLASH_RUN/main.o

.eh_frame_hdr
 *(.eh_frame_hdr)

.eh_frame
 *(.eh_frame)
                0x0800d060                __exidx_start = .

.ARM.exidx      0x0800d060        0x8
 *(.ARM.exidx* .gnu.linkonce.armexidx.*)
 .ARM.exidx     0x0800d060        0x8 c:/program files (x86)/gnu tools arm embedded/9 2019-q4-major/bin/../lib/gcc/arm-none-eabi/9.2.1/thumb/v7-m/nofp\libgcc.a(_udivmoddi4.o)
                0x0800d068                __exidx_end = .

.rodata         0x0800d068     0x59d0
 *(.rodata .rodata.* .gnu.linkonce.r.*)
 .rodata.main_display.str1.1
                0x0800d068       0x1a FLASH_RUN/main.o
                                 0x1e (size before relaxing)
 .rodata.go_back.str1.1
                0x0800d082        0xb FLASH_RUN/main.o
 .rodata.touch_read.str1.1
                0x0800d08d       0x1d FLASH_RUN/main.o
 .rodata.KS_CODE
                0x0800d0aa     0x12c0 FLASH_RUN/lcd.o
                0x0800d0aa                KS_CODE
 .rodata.eng_font
                0x0800e36a      0x800 FLASH_RUN/lcd.o
                0x0800e36a                eng_font
 .rodata.han_tbl
                0x0800eb6a       0x60 FLASH_RUN/lcd.o
                0x0800eb6a                han_tbl
 .rodata.kor_font
                0x0800ebca     0x2d00 FLASH_RUN/lcd.o
                0x0800ebca                kor_font
 .rodata.loc1   0x080118ca       0x10 FLASH_RUN/lcd.o
                0x080118ca                loc1
 .rodata.loc2   0x080118da        0x8 FLASH_RUN/lcd.o
                0x080118da                loc2
 .rodata.loc3   0x080118e2        0x8 FLASH_RUN/lcd.o
                0x080118e2                loc3
 .rodata.s_bit  0x080118ea        0x8 FLASH_RUN/lcd.o
                0x080118ea                s_bit
 .rodata.follow_path.str1.1
                0x080118f2        0xb FLASH_RUN/ff.o
 .rodata.fatstr.7063
                0x080118fd        0x4 FLASH_RUN/ff.o
 .rodata.vs1003_get_mp3info.str1.1
                0x08011901      0x1dc FLASH_RUN/vs1003.o
 .rodata.atab   0x08011add      0x3af FLASH_RUN/vs1003.o
                0x08011add                atab
 .rodata.bitrate
                0x08011e8c       0x40 FLASH_RUN/vs1003.o
                0x08011e8c                bitrate
 .rodata.dtab   0x08011ecc      0x75e FLASH_RUN/vs1003.o
                0x08011ecc                dtab
 .rodata.mp3_prog_bar.str1.1
                0x0801262a        0x6 FLASH_RUN/mp3.o
 .rodata.find_music.str1.1
                0x08012630        0x9 FLASH_RUN/mp3.o
 .rodata.display_id3v1_tag.str1.1
                0x08012639       0x41 FLASH_RUN/mp3.o
 .rodata.mp3_displaylist.str1.1
                0x0801267a        0xd FLASH_RUN/mp3.o
                                 0x2b (size before relaxing)
 .rodata.mp3_displayinit.str1.1
                0x08012687       0x35 FLASH_RUN/mp3.o
 .rodata.mp3_init.str1.1
                0x080126bc       0x7d FLASH_RUN/mp3.o
 .rodata.str1.1
                0x08012739       0x10 FLASH_RUN/mp3.o
 .rodata._exit.str1.1
                0x08012749       0x22 FLASH_RUN/core.o
 .rodata._sbrk.str1.1
                0x0801276b       0x39 FLASH_RUN/core.o
 .rodata.month_length
                0x080127a4        0xc FLASH_RUN/time.o
                0x080127a4                month_length
 .rodata._ctype_
                0x080127b0      0x101 c:/program files (x86)/gnu tools arm embedded/9 2019-q4-major/bin/../lib/gcc/arm-none-eabi/9.2.1/../../../../arm-none-eabi/lib/thumb/v7-m/nofp\libc.a(lib_a-ctype_.o)
                0x080127b0                _ctype_
 *fill*         0x080128b1        0x3 
 .rodata._svfprintf_r.str1.4
                0x080128b4       0x42 c:/program files (x86)/gnu tools arm embedded/9 2019-q4-major/bin/../lib/gcc/arm-none-eabi/9.2.1/../../../../arm-none-eabi/lib/thumb/v7-m/nofp\libc.a(lib_a-svfprintf.o)
 *fill*         0x080128f6        0x2 
 .rodata.blanks.7345
                0x080128f8       0x10 c:/program files (x86)/gnu tools arm embedded/9 2019-q4-major/bin/../lib/gcc/arm-none-eabi/9.2.1/../../../../arm-none-eabi/lib/thumb/v7-m/nofp\libc.a(lib_a-svfprintf.o)
 .rodata.zeroes.7346
                0x08012908       0x10 c:/program files (x86)/gnu tools arm embedded/9 2019-q4-major/bin/../lib/gcc/arm-none-eabi/9.2.1/../../../../arm-none-eabi/lib/thumb/v7-m/nofp\libc.a(lib_a-svfprintf.o)
 .rodata._dtoa_r.str1.4
                0x08012918        0xd c:/program files (x86)/gnu tools arm embedded/9 2019-q4-major/bin/../lib/gcc/arm-none-eabi/9.2.1/../../../../arm-none-eabi/lib/thumb/v7-m/nofp\libc.a(lib_a-dtoa.o)
                                 0x12 (size before relaxing)
 *fill*         0x08012925        0x3 
 .rodata.__mprec_bigtens
                0x08012928       0x28 c:/program files (x86)/gnu tools arm embedded/9 2019-q4-major/bin/../lib/gcc/arm-none-eabi/9.2.1/../../../../arm-none-eabi/lib/thumb/v7-m/nofp\libc.a(lib_a-mprec.o)
                0x08012928                __mprec_bigtens
 .rodata.__mprec_tens
                0x08012950       0xc8 c:/program files (x86)/gnu tools arm embedded/9 2019-q4-major/bin/../lib/gcc/arm-none-eabi/9.2.1/../../../../arm-none-eabi/lib/thumb/v7-m/nofp\libc.a(lib_a-mprec.o)
                0x08012950                __mprec_tens
 .rodata.p05.6115
                0x08012a18        0xc c:/program files (x86)/gnu tools arm embedded/9 2019-q4-major/bin/../lib/gcc/arm-none-eabi/9.2.1/../../../../arm-none-eabi/lib/thumb/v7-m/nofp\libc.a(lib_a-mprec.o)
 .rodata._setlocale_r.str1.4
                0x08012a24        0xa c:/program files (x86)/gnu tools arm embedded/9 2019-q4-major/bin/../lib/gcc/arm-none-eabi/9.2.1/../../../../arm-none-eabi/lib/thumb/v7-m/nofp\libc.a(lib_a-locale.o)
                                  0xd (size before relaxing)
 *fill*         0x08012a2e        0x2 
 .rodata.str1.4
                0x08012a30        0x2 c:/program files (x86)/gnu tools arm embedded/9 2019-q4-major/bin/../lib/gcc/arm-none-eabi/9.2.1/../../../../arm-none-eabi/lib/thumb/v7-m/nofp\libc.a(lib_a-locale.o)
                0x08012a34                . = ALIGN (0x4)
 *fill*         0x08012a32        0x2 
 *(.init)
                0x08012a34                . = ALIGN (0x4)
                0x08012a34                __preinit_array_start = .
 *(.preinit_array)
                0x08012a34                __preinit_array_end = .
                0x08012a34                . = ALIGN (0x4)
                0x08012a34                __init_array_start = .
 *(SORT_BY_NAME(.init_array.*))
 *(.init_array)
                0x08012a34                __init_array_end = .
                0x08012a34                . = ALIGN (0x4)
 *(.fini)
                0x08012a34                . = ALIGN (0x4)
                0x08012a34                __fini_array_start = .
 *(.fini_array)
 *(SORT_BY_NAME(.fini_array.*))
                0x08012a34                __fini_array_end = .
                0x08012a34                . = ALIGN (0x4)
 *crtbegin.o(.ctors)
 *(EXCLUDE_FILE(*crtend.o) .ctors)
 *(SORT_BY_NAME(.ctors.*))
 *crtend.o(.ctors)
                0x08012a34                . = ALIGN (0x4)
 *crtbegin.o(.dtors)
 *(EXCLUDE_FILE(*crtend.o) .dtors)
 *(SORT_BY_NAME(.dtors.*))
 *crtend.o(.dtors)
 *(.init .init.*)
 *(.fini .fini.*)
                [!provide]                PROVIDE (__preinit_array_start = .)
 *(.preinit_array)
                [!provide]                PROVIDE (__preinit_array_end = .)
                [!provide]                PROVIDE (__init_array_start = .)
 *(SORT_BY_NAME(.init_array.*))
 *(.init_array)
                [!provide]                PROVIDE (__init_array_end = .)
                [!provide]                PROVIDE (__fini_array_start = .)
 *(.fini_array)
 *(SORT_BY_NAME(.fini_array.*))
                [!provide]                PROVIDE (__fini_array_end = .)
                0x08012a38                . = ALIGN (0x8)
 *fill*         0x08012a34        0x4 
 *(.rom)
 *(.rom.b)
                0x08012a38                _etext = .
                0x08012a38                _sidata = _etext

.rel.dyn        0x08012a38        0x0
 .rel.iplt      0x08012a38        0x0 FLASH_RUN/main.o

.data           0x20000000      0xa90 load address 0x08012a38
                0x20000000                _sdata = .
                0x20000000                . = ALIGN (0x80)
                0x00000000                _isr_vectorsram_offs = (. - 0x20000000)
 *(.isr_vectorsram)
                0x20000000                . = ALIGN (0x4)
 *(.jcr)
 *(.got.plt)
 *(.got)
 *(.shdata)
 *(.data .data.* .gnu.linkonce.d.*)
 .data.FLASHStatus
                0x20000000        0x1 FLASH_RUN/main.o
                0x20000000                FLASHStatus
 .data.vs1003_ram
                0x20000001        0x5 FLASH_RUN/vs1003.o
                0x20000001                vs1003_ram
 .data.f_kbps   0x20000006        0x2 FLASH_RUN/mp3.o
                0x20000006                f_kbps
 .data.music_extend
                0x20000008       0x10 FLASH_RUN/mp3.o
                0x20000008                music_extend
 .data.SystemCoreClock
                0x20000018        0x4 /project/stm32fx_lib/stm32f1x_iolib/stm32f1x_iolib_hd_st32_8MHz.a(system.o)
                0x20000018                SystemCoreClock
 .data.ADCPrescTable
                0x2000001c        0x4 /project/stm32fx_lib/stm32f1x_iolib/stm32f1x_iolib_hd_st32_8MHz.a(rcc.o)
 .data.APBAHBPrescTable
                0x20000020       0x10 /project/stm32fx_lib/stm32f1x_iolib/stm32f1x_iolib_hd_st32_8MHz.a(rcc.o)
 .data._impure_ptr
                0x20000030        0x4 c:/program files (x86)/gnu tools arm embedded/9 2019-q4-major/bin/../lib/gcc/arm-none-eabi/9.2.1/../../../../arm-none-eabi/lib/thumb/v7-m/nofp\libc.a(lib_a-impure.o)
                0x20000030                _impure_ptr
 *fill*         0x20000034        0x4 
 .data.impure_data
                0x20000038      0x428 c:/program files (x86)/gnu tools arm embedded/9 2019-q4-major/bin/../lib/gcc/arm-none-eabi/9.2.1/../../../../arm-none-eabi/lib/thumb/v7-m/nofp\libc.a(lib_a-impure.o)
 .data.__malloc_av_
                0x20000460      0x408 c:/program files (x86)/gnu tools arm embedded/9 2019-q4-major/bin/../lib/gcc/arm-none-eabi/9.2.1/../../../../arm-none-eabi/lib/thumb/v7-m/nofp\libc.a(lib_a-mallocr.o)
                0x20000460                __malloc_av_
 .data.__malloc_sbrk_base
                0x20000868        0x4 c:/program files (x86)/gnu tools arm embedded/9 2019-q4-major/bin/../lib/gcc/arm-none-eabi/9.2.1/../../../../arm-none-eabi/lib/thumb/v7-m/nofp\libc.a(lib_a-mallocr.o)
                0x20000868                __malloc_sbrk_base
 .data.__malloc_trim_threshold
                0x2000086c        0x4 c:/program files (x86)/gnu tools arm embedded/9 2019-q4-major/bin/../lib/gcc/arm-none-eabi/9.2.1/../../../../arm-none-eabi/lib/thumb/v7-m/nofp\libc.a(lib_a-mallocr.o)
                0x2000086c                __malloc_trim_threshold
 .data.__global_locale
                0x20000870      0x16c c:/program files (x86)/gnu tools arm embedded/9 2019-q4-major/bin/../lib/gcc/arm-none-eabi/9.2.1/../../../../arm-none-eabi/lib/thumb/v7-m/nofp\libc.a(lib_a-locale.o)
                0x20000870                __global_locale
                0x200009e0                . = ALIGN (0x8)
 *fill*         0x200009dc        0x4 
 *(.ram)
 *(.ramfunc*)
 .ramfunc       0x200009e0       0xa0 FLASH_RUN/main.o
                0x200009e0                SysTick_Handler
 .ramfunc.__stub
                0x20000a80       0x10 linker stubs
                0x20000a90                . = ALIGN (0x4)
                0x20000a90                _edata = .

.igot.plt       0x20000a90        0x0 load address 0x080134c8
 .igot.plt      0x20000a90        0x0 FLASH_RUN/main.o

.bss            0x20000a90     0x37a0 load address 0x080134c8
                0x20000a90                . = ALIGN (0x4)
                0x20000a90                _sbss = .
 *(.shbss)
 *(.bss .bss.* .gnu.linkonce.b.*)
 .bss.cnt.7866  0x20000a90        0x2 FLASH_RUN/main.o
 .bss.cnt.7871  0x20000a92        0x2 FLASH_RUN/main.o
 .bss.flip.7867
                0x20000a94        0x1 FLASH_RUN/main.o
 .bss.flip.7872
                0x20000a95        0x1 FLASH_RUN/main.o
 .bss.Drive     0x20000a96        0x1 FLASH_RUN/ff.o
 *fill*         0x20000a97        0x1 
 .bss.FatFs     0x20000a98        0x4 FLASH_RUN/ff.o
 .bss.Fsid      0x20000a9c        0x2 FLASH_RUN/ff.o
 .bss.SD_type   0x20000a9e        0x1 FLASH_RUN/sd_driver.o
                0x20000a9e                SD_type
 *fill*         0x20000a9f        0x1 
 .bss.datasize  0x20000aa0        0x4 FLASH_RUN/mp3.o
                0x20000aa0                datasize
 .bss.playtime.8620
                0x20000aa4        0x2 FLASH_RUN/mp3.o
 *fill*         0x20000aa6        0x2 
 .bss.propos    0x20000aa8        0x4 FLASH_RUN/mp3.o
                0x20000aa8                propos
 .bss.heap_end  0x20000aac        0x4 FLASH_RUN/core.o
 .bss.__malloc_current_mallinfo
                0x20000ab0       0x28 c:/program files (x86)/gnu tools arm embedded/9 2019-q4-major/bin/../lib/gcc/arm-none-eabi/9.2.1/../../../../arm-none-eabi/lib/thumb/v7-m/nofp\libc.a(lib_a-mallocr.o)
                0x20000ab0                __malloc_current_mallinfo
 .bss.__malloc_max_sbrked_mem
                0x20000ad8        0x4 c:/program files (x86)/gnu tools arm embedded/9 2019-q4-major/bin/../lib/gcc/arm-none-eabi/9.2.1/../../../../arm-none-eabi/lib/thumb/v7-m/nofp\libc.a(lib_a-mallocr.o)
                0x20000ad8                __malloc_max_sbrked_mem
 .bss.__malloc_max_total_mem
                0x20000adc        0x4 c:/program files (x86)/gnu tools arm embedded/9 2019-q4-major/bin/../lib/gcc/arm-none-eabi/9.2.1/../../../../arm-none-eabi/lib/thumb/v7-m/nofp\libc.a(lib_a-mallocr.o)
                0x20000adc                __malloc_max_total_mem
 .bss.__malloc_top_pad
                0x20000ae0        0x4 c:/program files (x86)/gnu tools arm embedded/9 2019-q4-major/bin/../lib/gcc/arm-none-eabi/9.2.1/../../../../arm-none-eabi/lib/thumb/v7-m/nofp\libc.a(lib_a-mallocr.o)
                0x20000ae0                __malloc_top_pad
 *(COMMON)
 COMMON         0x20000ae4      0x21e FLASH_RUN/main.o
                0x20000ae4                yLoc
                0x20000ae6                sw_cnt3
                0x20000ae7                sw_cnt2
                0x20000ae8                volume
                0x20000aea                second
                0x20000aec                volume_flag
                0x20000aed                sw_cnt4
                0x20000aee                sw_cnt1
                0x20000aef                sw_value
                0x20000af0                play_mp3
                0x20000af2                tick
                0x20000af4                xLoc
                0x20000af8                option_value
                0x20000afc                sw_cnt5
                0x20000afe                jiffes
                0x20000b00                sec_tick
                0x20000b02                fileBuff
 *fill*         0x20000d02        0x2 
 COMMON         0x20000d04      0x615 FLASH_RUN/serial.o
                0x20000d04                flash_para
                0x20000e04                rxck2
                0x20000e05                txled
                0x20000e06                txbuff2
                0x20000f06                txcnt1
                0x20000f08                rxled
                0x20000f09                txbuff1
                0x20001009                USART1_PORT
                0x2000100a                rxcnt2
                0x2000100c                maxtx1
                0x2000100e                tx_flag1
                0x2000100f                sbuff
                0x20001110                maxtx2
                0x20001112                rxbuff1
                0x20001212                txcnt2
                0x20001214                rxcnt1
                0x20001216                rxbuff2
                0x20001316                tx_flag2
                0x20001317                this_id
                0x20001318                rxck1
 *fill*         0x20001319        0x1 
 COMMON         0x2000131a      0x13c FLASH_RUN/lcd.o
                0x2000131a                hangul_mode
                0x2000131c                background_color
                0x2000131e                buff
                0x2000141e                max_col
                0x20001420                maxx
                0x20001422                dumy_data
                0x20001442                ax
                0x20001444                tx
                0x20001446                device_code
                0x20001448                eng_mode
                0x2000144a                page
                0x2000144c                max_row
                0x2000144e                ty
                0x20001450                foreground_color
                0x20001452                ay
                0x20001454                maxy
 COMMON         0x20001456       0x14 FLASH_RUN/ads7843.o
                0x20001456                pen_enable
                0x20001458                pen_point
                0x20001468                pen_status
                0x20001469                pen_count
 *fill*         0x2000146a        0x2 
 COMMON         0x2000146c     0x2d94 FLASH_RUN/mp3.o
                0x2000146c                mp3
                0x200014d8                seek_value
                0x200014dc                dirs
                0x200014f8                ftemp
                0x200014fc                fno
                0x20001514                fs
                0x20001748                mp3_flag
                0x2000174c                br
                0x20001750                ID3V1_Buf
                0x200017d0                lyric
                0x200017da                lrc
                0x2000182a                fdx
                0x2000182c                head
                0x20001830                fsrc
                0x20001a54                buffer
                0x20001e54                lrc_data
                0x20002054                fap
                0x20002278                bw
                0x2000227c                buffer_read
                0x2000227e                music_number
                0x20002280                lrc_buffer
                0x20003dd8                tag_table
                0x20003fd8                new_play
                0x20003fd9                res
                0x20003fdc                fii
 COMMON         0x20004200        0x5 FLASH_RUN/time.o
                0x20004200                now_time
                0x20004204                time_rtc_flag
 *fill*         0x20004205        0x3 
 COMMON         0x20004208       0x21 c:/program files (x86)/gnu tools arm embedded/9 2019-q4-major/bin/../lib/gcc/arm-none-eabi/9.2.1/../../../../arm-none-eabi/lib/thumb/v7-m/nofp\libc.a(lib_a-lock.o)
                0x20004208                __lock___atexit_recursive_mutex
                0x2000420c                __lock___arc4random_mutex
                0x20004210                __lock___env_recursive_mutex
                0x20004214                __lock___sinit_recursive_mutex
                0x20004218                __lock___malloc_recursive_mutex
                0x2000421c                __lock___at_quick_exit_mutex
                0x20004220                __lock___dd_hash_mutex
                0x20004224                __lock___tz_mutex
                0x20004228                __lock___sfp_recursive_mutex
 *fill*         0x20004229        0x3 
 COMMON         0x2000422c        0x4 c:/program files (x86)/gnu tools arm embedded/9 2019-q4-major/bin/../lib/gcc/arm-none-eabi/9.2.1/../../../../arm-none-eabi/lib/thumb/v7-m/nofp\libc.a(lib_a-reent.o)
                0x2000422c                errno
                0x20004230                . = ALIGN (0x8)
 *(.ram.b)
                0x20004230                . = ALIGN (0x4)
                0x20004230                _ebss = .
                0x20004230                _end = .
                0x20004230                __end = .

._usrstack      0x20004230      0x200 load address 0x080134c8
                0x20004230                . = ALIGN (0x4)
                0x20004230                _susrstack = .
                0x20004430                . = (. + _Minimum_Stack_Size)
 *fill*         0x20004230      0x200 
                0x20004430                . = ALIGN (0x4)
                0x20004430                _eusrstack = .

.b1text
 *(.b1text)
 *(.b1rodata)
 *(.b1rodata*)

.eb0text
 *(.eb0text)
 *(.eb0rodata)
 *(.eb0rodata*)

.eb1text
 *(.eb1text)
 *(.eb1rodata)
 *(.eb1rodata*)

.eb2text
 *(.eb2text)
 *(.eb2rodata)
 *(.eb2rodata*)

.eb3text
 *(.eb3text)
 *(.eb3rodata)
 *(.eb3rodata*)

.stab
 *(.stab)

.stabstr
 *(.stabstr)

.stab.excl
 *(.stab.excl)

.stab.exclstr
 *(.stab.exclstr)

.stab.index
 *(.stab.index)

.stab.indexstr
 *(.stab.indexstr)

.comment        0x00000000       0xa9
 *(.comment)
 .comment       0x00000000       0x79 FLASH_RUN/main.o
                                 0x7a (size before relaxing)
 .comment       0x00000079       0x7a FLASH_RUN/serial.o
 .comment       0x00000079       0x7a FLASH_RUN/lcd.o
 .comment       0x00000079       0x7a FLASH_RUN/ads7843.o
 .comment       0x00000079       0x7a FLASH_RUN/diskio.o
 .comment       0x00000079       0x7a FLASH_RUN/ff.o
 .comment       0x00000079       0x7a FLASH_RUN/sd_driver.o
 .comment       0x00000079       0x7a FLASH_RUN/vs1003.o
 .comment       0x00000079       0x7a FLASH_RUN/mp3.o
 .comment       0x00000079       0x7a FLASH_RUN/core.o
 .comment       0x00000079       0x7a FLASH_RUN/time.o
 .comment       0x00000079       0x30 /project/stm32fx_lib/stm32f1x_iolib/stm32f1x_iolib_hd_st32_8MHz.a(startup.o)
                                 0x31 (size before relaxing)
 .comment       0x000000a9       0x31 /project/stm32fx_lib/stm32f1x_iolib/stm32f1x_iolib_hd_st32_8MHz.a(system.o)
 .comment       0x000000a9       0x31 /project/stm32fx_lib/stm32f1x_iolib/stm32f1x_iolib_hd_st32_8MHz.a(irq.o)
 .comment       0x000000a9       0x31 /project/stm32fx_lib/stm32f1x_iolib/stm32f1x_iolib_hd_st32_8MHz.a(rcc.o)
 .comment       0x000000a9       0x31 /project/stm32fx_lib/stm32f1x_iolib/stm32f1x_iolib_hd_st32_8MHz.a(adc.o)
 .comment       0x000000a9       0x31 /project/stm32fx_lib/stm32f1x_iolib/stm32f1x_iolib_hd_st32_8MHz.a(bkp.o)
 .comment       0x000000a9       0x31 /project/stm32fx_lib/stm32f1x_iolib/stm32f1x_iolib_hd_st32_8MHz.a(exti.o)
 .comment       0x000000a9       0x31 /project/stm32fx_lib/stm32f1x_iolib/stm32f1x_iolib_hd_st32_8MHz.a(flash.o)
 .comment       0x000000a9       0x31 /project/stm32fx_lib/stm32f1x_iolib/stm32f1x_iolib_hd_st32_8MHz.a(gpio.o)
 .comment       0x000000a9       0x31 /project/stm32fx_lib/stm32f1x_iolib/stm32f1x_iolib_hd_st32_8MHz.a(iwdg.o)
 .comment       0x000000a9       0x31 /project/stm32fx_lib/stm32f1x_iolib/stm32f1x_iolib_hd_st32_8MHz.a(pwr.o)
 .comment       0x000000a9       0x31 /project/stm32fx_lib/stm32f1x_iolib/stm32f1x_iolib_hd_st32_8MHz.a(rtc.o)
 .comment       0x000000a9       0x31 /project/stm32fx_lib/stm32f1x_iolib/stm32f1x_iolib_hd_st32_8MHz.a(spi.o)
 .comment       0x000000a9       0x31 /project/stm32fx_lib/stm32f1x_iolib/stm32f1x_iolib_hd_st32_8MHz.a(timer.o)
 .comment       0x000000a9       0x31 /project/stm32fx_lib/stm32f1x_iolib/stm32f1x_iolib_hd_st32_8MHz.a(usart.o)

.debug
 *(.debug)

.line
 *(.line)

.debug_srcinfo
 *(.debug_srcinfo)

.debug_sfnames
 *(.debug_sfnames)

.debug_aranges  0x00000000     0x12f0
 *(.debug_aranges)
 .debug_aranges
                0x00000000       0x80 FLASH_RUN/main.o
 .debug_aranges
                0x00000080       0x70 FLASH_RUN/serial.o
 .debug_aranges
                0x000000f0      0x188 FLASH_RUN/lcd.o
 .debug_aranges
                0x00000278       0x88 FLASH_RUN/ads7843.o
 .debug_aranges
                0x00000300       0x48 FLASH_RUN/diskio.o
 .debug_aranges
                0x00000348      0x168 FLASH_RUN/ff.o
 .debug_aranges
                0x000004b0       0x90 FLASH_RUN/sd_driver.o
 .debug_aranges
                0x00000540       0xa0 FLASH_RUN/vs1003.o
 .debug_aranges
                0x000005e0      0x100 FLASH_RUN/mp3.o
 .debug_aranges
                0x000006e0       0x80 FLASH_RUN/core.o
 .debug_aranges
                0x00000760       0x50 FLASH_RUN/time.o
 .debug_aranges
                0x000007b0       0x30 /project/stm32fx_lib/stm32f1x_iolib/stm32f1x_iolib_hd_st32_8MHz.a(startup.o)
 .debug_aranges
                0x000007e0       0x28 /project/stm32fx_lib/stm32f1x_iolib/stm32f1x_iolib_hd_st32_8MHz.a(system.o)
 .debug_aranges
                0x00000808       0x40 /project/stm32fx_lib/stm32f1x_iolib/stm32f1x_iolib_hd_st32_8MHz.a(irq.o)
 .debug_aranges
                0x00000848      0x118 /project/stm32fx_lib/stm32f1x_iolib/stm32f1x_iolib_hd_st32_8MHz.a(rcc.o)
 .debug_aranges
                0x00000960      0x138 /project/stm32fx_lib/stm32f1x_iolib/stm32f1x_iolib_hd_st32_8MHz.a(adc.o)
 .debug_aranges
                0x00000a98       0x78 /project/stm32fx_lib/stm32f1x_iolib/stm32f1x_iolib_hd_st32_8MHz.a(bkp.o)
 .debug_aranges
                0x00000b10       0x58 /project/stm32fx_lib/stm32f1x_iolib/stm32f1x_iolib_hd_st32_8MHz.a(exti.o)
 .debug_aranges
                0x00000b68       0xf8 /project/stm32fx_lib/stm32f1x_iolib/stm32f1x_iolib_hd_st32_8MHz.a(flash.o)
 .debug_aranges
                0x00000c60       0xb0 /project/stm32fx_lib/stm32f1x_iolib/stm32f1x_iolib_hd_st32_8MHz.a(gpio.o)
 .debug_aranges
                0x00000d10       0x48 /project/stm32fx_lib/stm32f1x_iolib/stm32f1x_iolib_hd_st32_8MHz.a(iwdg.o)
 .debug_aranges
                0x00000d58       0x60 /project/stm32fx_lib/stm32f1x_iolib/stm32f1x_iolib_hd_st32_8MHz.a(pwr.o)
 .debug_aranges
                0x00000db8       0x88 /project/stm32fx_lib/stm32f1x_iolib/stm32f1x_iolib_hd_st32_8MHz.a(rtc.o)
 .debug_aranges
                0x00000e40       0xd0 /project/stm32fx_lib/stm32f1x_iolib/stm32f1x_iolib_hd_st32_8MHz.a(spi.o)
 .debug_aranges
                0x00000f10      0x2e0 /project/stm32fx_lib/stm32f1x_iolib/stm32f1x_iolib_hd_st32_8MHz.a(timer.o)
 .debug_aranges
                0x000011f0      0x100 /project/stm32fx_lib/stm32f1x_iolib/stm32f1x_iolib_hd_st32_8MHz.a(usart.o)

.debug_pubnames
 *(.debug_pubnames)

.debug_info     0x00000000    0x1b81b
 *(.debug_info .gnu.linkonce.wi.*)
 .debug_info    0x00000000     0x273a FLASH_RUN/main.o
 .debug_info    0x0000273a     0x193a FLASH_RUN/serial.o
 .debug_info    0x00004074     0x413e FLASH_RUN/lcd.o
 .debug_info    0x000081b2     0x1b9f FLASH_RUN/ads7843.o
 .debug_info    0x00009d51      0x41d FLASH_RUN/diskio.o
 .debug_info    0x0000a16e     0x327d FLASH_RUN/ff.o
 .debug_info    0x0000d3eb     0x12ae FLASH_RUN/sd_driver.o
 .debug_info    0x0000e699     0x1122 FLASH_RUN/vs1003.o
 .debug_info    0x0000f7bb     0x34a2 FLASH_RUN/mp3.o
 .debug_info    0x00012c5d      0xf35 FLASH_RUN/core.o
 .debug_info    0x00013b92      0x826 FLASH_RUN/time.o
 .debug_info    0x000143b8      0x311 /project/stm32fx_lib/stm32f1x_iolib/stm32f1x_iolib_hd_st32_8MHz.a(startup.o)
 .debug_info    0x000146c9      0x3d7 /project/stm32fx_lib/stm32f1x_iolib/stm32f1x_iolib_hd_st32_8MHz.a(system.o)
 .debug_info    0x00014aa0      0x473 /project/stm32fx_lib/stm32f1x_iolib/stm32f1x_iolib_hd_st32_8MHz.a(irq.o)
 .debug_info    0x00014f13      0x7c0 /project/stm32fx_lib/stm32f1x_iolib/stm32f1x_iolib_hd_st32_8MHz.a(rcc.o)
 .debug_info    0x000156d3      0xb02 /project/stm32fx_lib/stm32f1x_iolib/stm32f1x_iolib_hd_st32_8MHz.a(adc.o)
 .debug_info    0x000161d5      0x701 /project/stm32fx_lib/stm32f1x_iolib/stm32f1x_iolib_hd_st32_8MHz.a(bkp.o)
 .debug_info    0x000168d6      0x2a2 /project/stm32fx_lib/stm32f1x_iolib/stm32f1x_iolib_hd_st32_8MHz.a(exti.o)
 .debug_info    0x00016b78      0x951 /project/stm32fx_lib/stm32f1x_iolib/stm32f1x_iolib_hd_st32_8MHz.a(flash.o)
 .debug_info    0x000174c9      0x7d3 /project/stm32fx_lib/stm32f1x_iolib/stm32f1x_iolib_hd_st32_8MHz.a(gpio.o)
 .debug_info    0x00017c9c      0x169 /project/stm32fx_lib/stm32f1x_iolib/stm32f1x_iolib_hd_st32_8MHz.a(iwdg.o)
 .debug_info    0x00017e05      0x3d6 /project/stm32fx_lib/stm32f1x_iolib/stm32f1x_iolib_hd_st32_8MHz.a(pwr.o)
 .debug_info    0x000181db      0x3a0 /project/stm32fx_lib/stm32f1x_iolib/stm32f1x_iolib_hd_st32_8MHz.a(rtc.o)
 .debug_info    0x0001857b      0x8db /project/stm32fx_lib/stm32f1x_iolib/stm32f1x_iolib_hd_st32_8MHz.a(spi.o)
 .debug_info    0x00018e56     0x1fe0 /project/stm32fx_lib/stm32f1x_iolib/stm32f1x_iolib_hd_st32_8MHz.a(timer.o)
 .debug_info    0x0001ae36      0x9e5 /project/stm32fx_lib/stm32f1x_iolib/stm32f1x_iolib_hd_st32_8MHz.a(usart.o)

.debug_abbrev   0x00000000     0x4221
 *(.debug_abbrev)
 .debug_abbrev  0x00000000      0x560 FLASH_RUN/main.o
 .debug_abbrev  0x00000560      0x3dd FLASH_RUN/serial.o
 .debug_abbrev  0x0000093d      0x4f5 FLASH_RUN/lcd.o
 .debug_abbrev  0x00000e32      0x42b FLASH_RUN/ads7843.o
 .debug_abbrev  0x0000125d      0x187 FLASH_RUN/diskio.o
 .debug_abbrev  0x000013e4      0x4b5 FLASH_RUN/ff.o
 .debug_abbrev  0x00001899      0x366 FLASH_RUN/sd_driver.o
 .debug_abbrev  0x00001bff      0x292 FLASH_RUN/vs1003.o
 .debug_abbrev  0x00001e91      0x60b FLASH_RUN/mp3.o
 .debug_abbrev  0x0000249c      0x369 FLASH_RUN/core.o
 .debug_abbrev  0x00002805      0x1e0 FLASH_RUN/time.o
 .debug_abbrev  0x000029e5      0x157 /project/stm32fx_lib/stm32f1x_iolib/stm32f1x_iolib_hd_st32_8MHz.a(startup.o)
 .debug_abbrev  0x00002b3c      0x160 /project/stm32fx_lib/stm32f1x_iolib/stm32f1x_iolib_hd_st32_8MHz.a(system.o)
 .debug_abbrev  0x00002c9c      0x117 /project/stm32fx_lib/stm32f1x_iolib/stm32f1x_iolib_hd_st32_8MHz.a(irq.o)
 .debug_abbrev  0x00002db3      0x217 /project/stm32fx_lib/stm32f1x_iolib/stm32f1x_iolib_hd_st32_8MHz.a(rcc.o)
 .debug_abbrev  0x00002fca      0x1da /project/stm32fx_lib/stm32f1x_iolib/stm32f1x_iolib_hd_st32_8MHz.a(adc.o)
 .debug_abbrev  0x000031a4      0x16f /project/stm32fx_lib/stm32f1x_iolib/stm32f1x_iolib_hd_st32_8MHz.a(bkp.o)
 .debug_abbrev  0x00003313      0x14c /project/stm32fx_lib/stm32f1x_iolib/stm32f1x_iolib_hd_st32_8MHz.a(exti.o)
 .debug_abbrev  0x0000345f      0x211 /project/stm32fx_lib/stm32f1x_iolib/stm32f1x_iolib_hd_st32_8MHz.a(flash.o)
 .debug_abbrev  0x00003670      0x1db /project/stm32fx_lib/stm32f1x_iolib/stm32f1x_iolib_hd_st32_8MHz.a(gpio.o)
 .debug_abbrev  0x0000384b       0xe6 /project/stm32fx_lib/stm32f1x_iolib/stm32f1x_iolib_hd_st32_8MHz.a(iwdg.o)
 .debug_abbrev  0x00003931      0x17a /project/stm32fx_lib/stm32f1x_iolib/stm32f1x_iolib_hd_st32_8MHz.a(pwr.o)
 .debug_abbrev  0x00003aab      0x11d /project/stm32fx_lib/stm32f1x_iolib/stm32f1x_iolib_hd_st32_8MHz.a(rtc.o)
 .debug_abbrev  0x00003bc8      0x1dd /project/stm32fx_lib/stm32f1x_iolib/stm32f1x_iolib_hd_st32_8MHz.a(spi.o)
 .debug_abbrev  0x00003da5      0x2ae /project/stm32fx_lib/stm32f1x_iolib/stm32f1x_iolib_hd_st32_8MHz.a(timer.o)
 .debug_abbrev  0x00004053      0x1ce /project/stm32fx_lib/stm32f1x_iolib/stm32f1x_iolib_hd_st32_8MHz.a(usart.o)

.debug_line     0x00000000     0xcdb8
 *(.debug_line)
 .debug_line    0x00000000      0xb9a FLASH_RUN/main.o
 .debug_line    0x00000b9a      0xa23 FLASH_RUN/serial.o
 .debug_line    0x000015bd     0x13ab FLASH_RUN/lcd.o
 .debug_line    0x00002968      0xb8e FLASH_RUN/ads7843.o
 .debug_line    0x000034f6      0x22c FLASH_RUN/diskio.o
 .debug_line    0x00003722     0x2cd5 FLASH_RUN/ff.o
 .debug_line    0x000063f7      0x9a7 FLASH_RUN/sd_driver.o
 .debug_line    0x00006d9e      0x941 FLASH_RUN/vs1003.o
 .debug_line    0x000076df     0x24fb FLASH_RUN/mp3.o
 .debug_line    0x00009bda      0x43e FLASH_RUN/core.o
 .debug_line    0x0000a018      0x3e2 FLASH_RUN/time.o
 .debug_line    0x0000a3fa       0xfd /project/stm32fx_lib/stm32f1x_iolib/stm32f1x_iolib_hd_st32_8MHz.a(startup.o)
 .debug_line    0x0000a4f7      0x112 /project/stm32fx_lib/stm32f1x_iolib/stm32f1x_iolib_hd_st32_8MHz.a(system.o)
 .debug_line    0x0000a609      0x10e /project/stm32fx_lib/stm32f1x_iolib/stm32f1x_iolib_hd_st32_8MHz.a(irq.o)
 .debug_line    0x0000a717      0x382 /project/stm32fx_lib/stm32f1x_iolib/stm32f1x_iolib_hd_st32_8MHz.a(rcc.o)
 .debug_line    0x0000aa99      0x41d /project/stm32fx_lib/stm32f1x_iolib/stm32f1x_iolib_hd_st32_8MHz.a(adc.o)
 .debug_line    0x0000aeb6      0x1bf /project/stm32fx_lib/stm32f1x_iolib/stm32f1x_iolib_hd_st32_8MHz.a(bkp.o)
 .debug_line    0x0000b075      0x18f /project/stm32fx_lib/stm32f1x_iolib/stm32f1x_iolib_hd_st32_8MHz.a(exti.o)
 .debug_line    0x0000b204      0x3e4 /project/stm32fx_lib/stm32f1x_iolib/stm32f1x_iolib_hd_st32_8MHz.a(flash.o)
 .debug_line    0x0000b5e8      0x2eb /project/stm32fx_lib/stm32f1x_iolib/stm32f1x_iolib_hd_st32_8MHz.a(gpio.o)
 .debug_line    0x0000b8d3      0x10f /project/stm32fx_lib/stm32f1x_iolib/stm32f1x_iolib_hd_st32_8MHz.a(iwdg.o)
 .debug_line    0x0000b9e2      0x1a0 /project/stm32fx_lib/stm32f1x_iolib/stm32f1x_iolib_hd_st32_8MHz.a(pwr.o)
 .debug_line    0x0000bb82      0x1cc /project/stm32fx_lib/stm32f1x_iolib/stm32f1x_iolib_hd_st32_8MHz.a(rtc.o)
 .debug_line    0x0000bd4e      0x324 /project/stm32fx_lib/stm32f1x_iolib/stm32f1x_iolib_hd_st32_8MHz.a(spi.o)
 .debug_line    0x0000c072      0x9a0 /project/stm32fx_lib/stm32f1x_iolib/stm32f1x_iolib_hd_st32_8MHz.a(timer.o)
 .debug_line    0x0000ca12      0x3a6 /project/stm32fx_lib/stm32f1x_iolib/stm32f1x_iolib_hd_st32_8MHz.a(usart.o)

.debug_frame    0x00000000     0x42a8
 *(.debug_frame)
 .debug_frame   0x00000000      0x19c FLASH_RUN/main.o
 .debug_frame   0x0000019c      0x178 FLASH_RUN/serial.o
 .debug_frame   0x00000314      0x528 FLASH_RUN/lcd.o
 .debug_frame   0x0000083c      0x23c FLASH_RUN/ads7843.o
 .debug_frame   0x00000a78       0xa4 FLASH_RUN/diskio.o
 .debug_frame   0x00000b1c      0x640 FLASH_RUN/ff.o
 .debug_frame   0x0000115c      0x21c FLASH_RUN/sd_driver.o
 .debug_frame   0x00001378      0x22c FLASH_RUN/vs1003.o
 .debug_frame   0x000015a4      0x42c FLASH_RUN/mp3.o
 .debug_frame   0x000019d0      0x120 FLASH_RUN/core.o
 .debug_frame   0x00001af0       0xec FLASH_RUN/time.o
 .debug_frame   0x00001bdc       0x5c /project/stm32fx_lib/stm32f1x_iolib/stm32f1x_iolib_hd_st32_8MHz.a(startup.o)
 .debug_frame   0x00001c38       0x34 /project/stm32fx_lib/stm32f1x_iolib/stm32f1x_iolib_hd_st32_8MHz.a(system.o)
 .debug_frame   0x00001c6c       0x6c /project/stm32fx_lib/stm32f1x_iolib/stm32f1x_iolib_hd_st32_8MHz.a(irq.o)
 .debug_frame   0x00001cd8      0x22c /project/stm32fx_lib/stm32f1x_iolib/stm32f1x_iolib_hd_st32_8MHz.a(rcc.o)
 .debug_frame   0x00001f04      0x290 /project/stm32fx_lib/stm32f1x_iolib/stm32f1x_iolib_hd_st32_8MHz.a(adc.o)
 .debug_frame   0x00002194       0xe4 /project/stm32fx_lib/stm32f1x_iolib/stm32f1x_iolib_hd_st32_8MHz.a(bkp.o)
 .debug_frame   0x00002278       0x9c /project/stm32fx_lib/stm32f1x_iolib/stm32f1x_iolib_hd_st32_8MHz.a(exti.o)
 .debug_frame   0x00002314      0x28c /project/stm32fx_lib/stm32f1x_iolib/stm32f1x_iolib_hd_st32_8MHz.a(flash.o)
 .debug_frame   0x000025a0      0x1ac /project/stm32fx_lib/stm32f1x_iolib/stm32f1x_iolib_hd_st32_8MHz.a(gpio.o)
 .debug_frame   0x0000274c       0x70 /project/stm32fx_lib/stm32f1x_iolib/stm32f1x_iolib_hd_st32_8MHz.a(iwdg.o)
 .debug_frame   0x000027bc       0xac /project/stm32fx_lib/stm32f1x_iolib/stm32f1x_iolib_hd_st32_8MHz.a(pwr.o)
 .debug_frame   0x00002868      0x114 /project/stm32fx_lib/stm32f1x_iolib/stm32f1x_iolib_hd_st32_8MHz.a(rtc.o)
 .debug_frame   0x0000297c      0x1bc /project/stm32fx_lib/stm32f1x_iolib/stm32f1x_iolib_hd_st32_8MHz.a(spi.o)
 .debug_frame   0x00002b38      0x688 /project/stm32fx_lib/stm32f1x_iolib/stm32f1x_iolib_hd_st32_8MHz.a(timer.o)
 .debug_frame   0x000031c0      0x220 /project/stm32fx_lib/stm32f1x_iolib/stm32f1x_iolib_hd_st32_8MHz.a(usart.o)
 .debug_frame   0x000033e0       0x28 c:/program files (x86)/gnu tools arm embedded/9 2019-q4-major/bin/../lib/gcc/arm-none-eabi/9.2.1/../../../../arm-none-eabi/lib/thumb/v7-m/nofp\libc.a(lib_a-abort.o)
 .debug_frame   0x00003408       0x20 c:/program files (x86)/gnu tools arm embedded/9 2019-q4-major/bin/../lib/gcc/arm-none-eabi/9.2.1/../../../../arm-none-eabi/lib/thumb/v7-m/nofp\libc.a(lib_a-errno.o)
 .debug_frame   0x00003428       0x30 c:/program files (x86)/gnu tools arm embedded/9 2019-q4-major/bin/../lib/gcc/arm-none-eabi/9.2.1/../../../../arm-none-eabi/lib/thumb/v7-m/nofp\libc.a(lib_a-malloc.o)